This is pdfTeX, Version 3.141592653-2.6-1.40.25 (MiKTeX 24.1) (preloaded format=pdflatex 2025.12.10)  29 AUG 2026 21:06
entering extended mode
 restricted \write18 enabled.
 file:line:error style messages enabled.
 %&-line parsing enabled.
**"c:/Users/Nicholas/Documents/COMP0191 MSc Artificial Intelligence for Sustainable Development Project/report/Report.tex"
(c:/Users/Nicholas/Documents/COMP0191 MSc Artificial Intelligence for Sustainable Development Project/report/Report.tex
LaTeX2e <2023-11-01> patch level 1
L3 programming layer <2024-01-04>
(C:\Users\Nicholas\AppData\Local\Programs\MiKTeX\tex/latex/base\report.cls
Document Class: report 2023/05/17 v1.4n Standard LaTeX document class
(C:\Users\Nicholas\AppData\Local\Programs\MiKTeX\tex/latex/base\size12.clo
File: size12.clo 2023/05/17 v1.4n Standard LaTeX file (size option)
)
\c@part=\count187
\c@chapter=\count188
\c@section=\count189
\c@subsection=\count190
\c@subsubsection=\count191
\c@paragraph=\count192
\c@subparagraph=\count193
\c@figure=\count194
\c@table=\count195
\abovecaptionskip=\skip48
\belowcaptionskip=\skip49
\bibindent=\dimen140
) (C:\Users\Nicholas\AppData\Local\Programs\MiKTeX\tex/latex/geometry\geometry.sty
Package: geometry 2020/01/02 v5.9 Page Geometry
 (C:\Users\Nicholas\AppData\Local\Programs\MiKTeX\tex/latex/graphics\keyval.sty
Package: keyval 2022/05/29 v1.15 key=value parser (DPC)
\KV@toks@=\toks17
) (C:\Users\Nicholas\AppData\Local\Programs\MiKTeX\tex/generic/iftex\ifvtex.sty
Package: ifvtex 2019/10/25 v1.7 ifvtex legacy package. Use iftex instead.
 (C:\Users\Nicholas\AppData\Local\Programs\MiKTeX\tex/generic/iftex\iftex.sty
Package: iftex 2022/02/03 v1.0f TeX engine tests
))
\Gm@cnth=\count196
\Gm@cntv=\count197
\c@Gm@tempcnt=\count198
\Gm@bindingoffset=\dimen141
\Gm@wd@mp=\dimen142
\Gm@odd@mp=\dimen143
\Gm@even@mp=\dimen144
\Gm@layoutwidth=\dimen145
\Gm@layoutheight=\dimen146
\Gm@layouthoffset=\dimen147
\Gm@layoutvoffset=\dimen148
\Gm@dimlist=\toks18
 (C:\Users\Nicholas\AppData\Local\Programs\MiKTeX\tex/latex/geometry\geometry.cfg)) (Packages.tex (C:\Users\Nicholas\AppData\Local\Programs\MiKTeX\tex/latex/base\fontenc.sty
Package: fontenc 2021/04/29 v2.0v Standard LaTeX package
) (C:\Users\Nicholas\AppData\Local\Programs\MiKTeX\tex/latex/base\inputenc.sty
Package: inputenc 2021/02/14 v1.3d Input encoding file
\inpenc@prehook=\toks19
\inpenc@posthook=\toks20
) (C:\Users\Nicholas\AppData\Local\Programs\MiKTeX\tex/generic/babel\babel.sty
Package: babel 2024/01/07 v24.1 The Babel package
\babel@savecnt=\count199
\U@D=\dimen149
\l@unhyphenated=\language79
 (C:\Users\Nicholas\AppData\Local\Programs\MiKTeX\tex/generic/babel\txtbabel.def)
\bbl@readstream=\read2
\bbl@dirlevel=\count266

*************************************
* Local config file bblopts.cfg used
*
(C:\Users\Nicholas\AppData\Local\Programs\MiKTeX\tex/latex/arabi\bblopts.cfg
File: bblopts.cfg 2005/09/08 v0.1 add Arabic and Farsi to "declared" options of babel
) (C:\Users\Nicholas\AppData\Local\Programs\MiKTeX\tex/latex/babel-english\english.ldf
Language: english 2017/06/06 v3.3r English support from the babel system
Package babel Info: Hyphen rules for 'canadian' set to \l@english
(babel)             (\language0). Reported on input line 102.
Package babel Info: Hyphen rules for 'australian' set to \l@ukenglish
(babel)             (\language73). Reported on input line 105.
Package babel Info: Hyphen rules for 'newzealand' set to \l@ukenglish
(babel)             (\language73). Reported on input line 108.
)) (C:\Users\Nicholas\AppData\Local\Programs\MiKTeX\tex/generic/babel/locale/en\babel-english.tex
Package babel Info: Importing font and identification data for english
(babel)             from babel-en.ini. Reported on input line 11.
) (C:\Users\Nicholas\AppData\Local\Programs\MiKTeX\tex/latex/siunitx\siunitx.sty
Package: siunitx 2026-05-15 v3.5.5 A comprehensive (SI) units package
\l__siunitx_number_uncert_offset_int=\count267
\l__siunitx_number_exponent_fixed_int=\count268
\l__siunitx_number_min_decimal_int=\count269
\l__siunitx_number_min_integer_int=\count270
\l__siunitx_number_round_precision_int=\count271
\l__siunitx_number_lower_threshold_int=\count272
\l__siunitx_number_upper_threshold_int=\count273
\l__siunitx_number_group_first_int=\count274
\l__siunitx_number_group_size_int=\count275
\l__siunitx_number_group_min_int=\count276
\l__siunitx_number_group_minimum_int=\count277
\l__siunitx_compound_count_int=\count278
 (C:\Users\Nicholas\AppData\Local\Programs\MiKTeX\tex/latex/translations\translations.sty
Package: translations 2022/02/05 v1.12 internationalization of LaTeX2e packages (CN)
 (C:\Users\Nicholas\AppData\Local\Programs\MiKTeX\tex/latex/etoolbox\etoolbox.sty
Package: etoolbox 2020/10/05 v2.5k e-TeX tools for LaTeX (JAW)
\etb@tempcnta=\count279
) (C:\Users\Nicholas\AppData\Local\Programs\MiKTeX\tex/generic/pdftexcmds\pdftexcmds.sty
Package: pdftexcmds 2020-06-27 v0.33 Utility functions of pdfTeX for LuaTeX (HO)
 (C:\Users\Nicholas\AppData\Local\Programs\MiKTeX\tex/generic/infwarerr\infwarerr.sty
Package: infwarerr 2019/12/03 v1.5 Providing info/warning/error messages (HO)
) (C:\Users\Nicholas\AppData\Local\Programs\MiKTeX\tex/generic/ltxcmds\ltxcmds.sty
Package: ltxcmds 2023-12-04 v1.26 LaTeX kernel commands for general use (HO)
)
Package pdftexcmds Info: \pdf@primitive is available.
Package pdftexcmds Info: \pdf@ifprimitive is available.
Package pdftexcmds Info: \pdfdraftmode found.
)) (C:\Users\Nicholas\AppData\Local\Programs\MiKTeX\tex/latex/amsmath\amstext.sty
Package: amstext 2021/08/26 v2.01 AMS text
 (C:\Users\Nicholas\AppData\Local\Programs\MiKTeX\tex/latex/amsmath\amsgen.sty
File: amsgen.sty 1999/11/30 v2.0 generic functions
\@emptytoks=\toks21
\ex@=\dimen150
))
\l__siunitx_table_tmp_box=\box51
\l__siunitx_table_tmp_dim=\dimen151
\l__siunitx_table_column_width_dim=\dimen152
\l__siunitx_table_integer_box=\box52
\l__siunitx_table_decimal_box=\box53
\l__siunitx_table_uncert_box=\box54
\l__siunitx_table_before_box=\box55
\l__siunitx_table_after_box=\box56
\l__siunitx_table_before_dim=\dimen153
\l__siunitx_table_carry_dim=\dimen154
\l__siunitx_unit_tmp_int=\count280
\l__siunitx_unit_position_int=\count281
\l__siunitx_unit_total_int=\count282
\l__siunitx_sexagesimal_tmp_dim=\dimen155
\l__siunitx_sexagesimal_marker_box=\box57
\l__siunitx_sexagesimal_unit_box=\box58
 (C:\Users\Nicholas\AppData\Local\Programs\MiKTeX\tex/latex/tools\array.sty
Package: array 2023/10/16 v2.5g Tabular extension package (FMi)
\col@sep=\dimen156
\ar@mcellbox=\box59
\extrarowheight=\dimen157
\NC@list=\toks22
\extratabsurround=\skip50
\backup@length=\skip51
\ar@cellbox=\box60
)) (C:\Users\Nicholas\AppData\Local\Programs\MiKTeX\tex/latex/graphics\graphicx.sty
Package: graphicx 2021/09/16 v1.2d Enhanced LaTeX Graphics (DPC,SPQR)
 (C:\Users\Nicholas\AppData\Local\Programs\MiKTeX\tex/latex/graphics\graphics.sty
Package: graphics 2022/03/10 v1.4e Standard LaTeX Graphics (DPC,SPQR)
 (C:\Users\Nicholas\AppData\Local\Programs\MiKTeX\tex/latex/graphics\trig.sty
Package: trig 2021/08/11 v1.11 sin cos tan (DPC)
) (C:\Users\Nicholas\AppData\Local\Programs\MiKTeX\tex/latex/graphics-cfg\graphics.cfg
File: graphics.cfg 2016/06/04 v1.11 sample graphics configuration
)
Package graphics Info: Driver file: pdftex.def on input line 107.
 (C:\Users\Nicholas\AppData\Local\Programs\MiKTeX\tex/latex/graphics-def\pdftex.def
File: pdftex.def 2022/09/22 v1.2b Graphics/color driver for pdftex
))
\Gin@req@height=\dimen158
\Gin@req@width=\dimen159
) (C:\Users\Nicholas\AppData\Local\Programs\MiKTeX\tex/latex/tipa\tipa.sty
Package: tipa 2002/08/08 TIPA version 1.1
 (C:\Users\Nicholas\AppData\Local\Programs\MiKTeX\tex/latex/base\fontenc.sty
Package: fontenc 2021/04/29 v2.0v Standard LaTeX package
 (C:\Users\Nicholas\AppData\Local\Programs\MiKTeX\tex/latex/tipa\t3enc.def
File: t3enc.def 2001/12/31 T3 encoding
Now handling font encoding T3 ...
... no UTF-8 mapping file for font encoding T3
LaTeX Font Info:    Trying to load font information for T1+cmss on input line 357.
 (C:\Users\Nicholas\AppData\Local\Programs\MiKTeX\tex/latex/base\t1cmss.fd
File: t1cmss.fd 2023/04/13 v2.5m Standard LaTeX font definitions
)))) (C:\Users\Nicholas\AppData\Local\Programs\MiKTeX\tex/latex/amsmath\amsmath.sty
Package: amsmath 2023/05/13 v2.17o AMS math features
\@mathmargin=\skip52

For additional information on amsmath, use the `?' option.
(C:\Users\Nicholas\AppData\Local\Programs\MiKTeX\tex/latex/amsmath\amsbsy.sty
Package: amsbsy 1999/11/29 v1.2d Bold Symbols
\pmbraise@=\dimen160
) (C:\Users\Nicholas\AppData\Local\Programs\MiKTeX\tex/latex/amsmath\amsopn.sty
Package: amsopn 2022/04/08 v2.04 operator names
)
\inf@bad=\count283
LaTeX Info: Redefining \frac on input line 234.
\uproot@=\count284
\leftroot@=\count285
LaTeX Info: Redefining \overline on input line 399.
LaTeX Info: Redefining \colon on input line 410.
\classnum@=\count286
\DOTSCASE@=\count287
LaTeX Info: Redefining \ldots on input line 496.
LaTeX Info: Redefining \dots on input line 499.
LaTeX Info: Redefining \cdots on input line 620.
\Mathstrutbox@=\box61
\strutbox@=\box62
LaTeX Info: Redefining \big on input line 722.
LaTeX Info: Redefining \Big on input line 723.
LaTeX Info: Redefining \bigg on input line 724.
LaTeX Info: Redefining \Bigg on input line 725.
\big@size=\dimen161
LaTeX Font Info:    Redeclaring font encoding OML on input line 743.
LaTeX Font Info:    Redeclaring font encoding OMS on input line 744.
\macc@depth=\count288
LaTeX Info: Redefining \bmod on input line 905.
LaTeX Info: Redefining \pmod on input line 910.
LaTeX Info: Redefining \smash on input line 940.
LaTeX Info: Redefining \relbar on input line 970.
LaTeX Info: Redefining \Relbar on input line 971.
\c@MaxMatrixCols=\count289
\dotsspace@=\muskip16
\c@parentequation=\count290
\dspbrk@lvl=\count291
\tag@help=\toks23
\row@=\count292
\column@=\count293
\maxfields@=\count294
\andhelp@=\toks24
\eqnshift@=\dimen162
\alignsep@=\dimen163
\tagshift@=\dimen164
\tagwidth@=\dimen165
\totwidth@=\dimen166
\lineht@=\dimen167
\@envbody=\toks25
\multlinegap=\skip53
\multlinetaggap=\skip54
\mathdisplay@stack=\toks26
LaTeX Info: Redefining \[ on input line 2953.
LaTeX Info: Redefining \] on input line 2954.
) (C:\Users\Nicholas\AppData\Local\Programs\MiKTeX\tex/latex/base\latexsym.sty
Package: latexsym 1998/08/17 v2.2e Standard LaTeX package (lasy symbols)
\symlasy=\mathgroup4
LaTeX Font Info:    Overwriting symbol font `lasy' in version `bold'
(Font)                  U/lasy/m/n --> U/lasy/b/n on input line 52.
) (C:\Users\Nicholas\AppData\Local\Programs\MiKTeX\tex/latex/amsmath\amscd.sty
Package: amscd 2017/04/14 v2.1 AMS Commutative Diagrams
\athelp@=\toks27
\minaw@=\dimen168
\bigaw@=\dimen169
\minCDarrowwidth=\dimen170
) (C:\Users\Nicholas\AppData\Local\Programs\MiKTeX\tex/latex/jknappen\mathrsfs.sty
Package: mathrsfs 1996/01/01 Math RSFS package v1.0 (jk)
\symrsfs=\mathgroup5
) (C:\Users\Nicholas\AppData\Local\Programs\MiKTeX\tex/latex/relsize\relsize.sty
Package: relsize 2013/03/29 ver 4.1
) (C:\Users\Nicholas\AppData\Local\Programs\MiKTeX\tex/latex/tools\delarray.sty
Package: delarray 2014/10/28 v1.01 array delimiter package (DPC)
) (C:\Users\Nicholas\AppData\Local\Programs\MiKTeX\tex/latex/datatool\datatool.sty
Package: datatool 2025/12/04 v3.4.3 (NLCT)
 (C:\Users\Nicholas\AppData\Local\Programs\MiKTeX\tex/latex/base\ifthen.sty
Package: ifthen 2022/04/13 v1.1d Standard LaTeX ifthen package (DPC)
) (C:\Users\Nicholas\AppData\Local\Programs\MiKTeX\tex/latex/xfor\xfor.sty
Package: xfor 2009/02/05 v1.05 (NLCT)
) (C:\Users\Nicholas\AppData\Local\Programs\MiKTeX\tex/latex/tracklang\tracklang.sty
Package: tracklang 2026/05/24 v1.6.8 (NLCT) Track Languages
 (C:\Users\Nicholas\AppData\Local\Programs\MiKTeX\tex/generic/tracklang\tracklang.tex)
Package tracklang Info: Tracking dialect `english' (language `english') on input line 264.
Package tracklang Info: Tracking dialect `english' (language `english') on input line 264.
) (C:\Users\Nicholas\AppData\Local\Programs\MiKTeX\tex/latex/datatool\datatool-base.sty
Package: datatool-base 2025/12/04 v3.4.3 (NLCT)
\l__datatool_tmpa_int=\count295
\l__datatool_tmpb_int=\count296
\l__datatool_tmpc_int=\count297
\l__datatool_tmpd_int=\count298
\l__datatool_count_int=\count299
\l__datatool_tmp_datatype_int=\count300
\l__datatool_tmpa_dim=\dimen171
\l__datatool_tmpb_dim=\dimen172
 (C:\Users\Nicholas\AppData\Local\Programs\MiKTeX\tex/latex/datatool\datatool-l3fp.def
File: datatool-l3fp.def 2025/12/04 v3.4.3 (NLCT)
)
\@dtl@toks=\toks28
\@dtl@tmpcount=\count301
\dtl@tmplength=\skip55
\l__datatool_measure_box=\box63
\dtl@sortresult=\count302
 (C:\Users\Nicholas\AppData\Local\Programs\MiKTeX\tex/latex/datatool\datatool-utf8.ldf
File: datatool-utf8.ldf 2025/12/04 v3.4.3 (NLCT)
)
\@dtl@datatype=\count303
\c_datatool_unknown_int=\count304
\l__datatool_year_int=\count305
\l__datatool_month_int=\count306
\l__datatool_day_int=\count307
\l__datatool_hour_int=\count308
\l__datatool_minute_int=\count309
\l__datatool_second_int=\count310
\l__datatool_tzhour_int=\count311
\l__datatool_tzminute_int=\count312
\l__datatool_julian_int=\count313
\l__datatool_local_julian_int=\count314
\l__datatool_prefix_int=\count315
\l__datatool_suffix_int=\count316
\@dtl@foreach@level=\count317


Package tracklang Warning: No `datatool' support for dialect `english'  on input line 9924.

\dtl@codeA=\count318
\dtl@codeB=\count319
)
\l__datatool_max_cols_int=\count320
\l__datatool_col_idx_int=\count321
\l__datatool_row_idx_int=\count322
\l__datatool_item_type_int=\count323
\l__datatool_action_column_int=\count324
\l__datatool_action_column_ii_int=\count325
\l__datatool_action_row_int=\count326
\l__datatool_action_row_ii_int=\count327
\l__datatool_action_type_int=\count328
\l__datatool_action_datum_round_int=\count329
\dtlcolumnnum=\count330
\dtlrownum=\count331
\@dtl@before=\toks29
\@dtl@after=\toks30
\@dtl@colhead=\toks31
\dtlcurrentrow=\toks32
\dtlbeforerow=\toks33
\dtlafterrow=\toks34
\l__datatool_map_data_max_cols_int=\count332
\l__datatool_map_data_edit_column_int=\count333
\dtlforeachlevel=\count334
\c@DTLrow=\count335
\c@DTLrowi=\count336
\c@DTLrowii=\count337
\c@DTLrowiii=\count338
\dtl@rowi=\count339
\dtl@rowii=\count340
\dtl@rowiii=\count341
\g__filtered_row_i_int=\count342
\g__filtered_row_ii_int=\count343
\g__filtered_row_iii_int=\count344
\@dtl@curi=\toks35
\@dtl@previ=\toks36
\@dtl@nexti=\toks37
\@dtl@curii=\toks38
\@dtl@previi=\toks39
\@dtl@nextii=\toks40
\@dtl@curiii=\toks41
\@dtl@previii=\toks42
\@dtl@nextiii=\toks43
\l_datatool_display_per_row_int=\count345
\l_datatool_display_tab_rows_int=\count346
\@dtl@toksA=\toks44
\@dtl@toksB=\toks45
\@dtl@elements=\count347
\__datatool_sort_data_sortcol_int=\count348
\__datatool_sort_data_grpcol_int=\count349
\dtl@omitlines=\count350
\l__datatool_line_int=\count351
) (C:\Users\Nicholas\AppData\Local\Programs\MiKTeX\tex/latex/xcolor\xcolor.sty
Package: xcolor 2023/11/15 v3.01 LaTeX color extensions (UK)
 (C:\Users\Nicholas\AppData\Local\Programs\MiKTeX\tex/latex/graphics-cfg\color.cfg
File: color.cfg 2016/01/02 v1.6 sample color configuration
)
Package xcolor Info: Driver file: pdftex.def on input line 274.
 (C:\Users\Nicholas\AppData\Local\Programs\MiKTeX\tex/latex/graphics\mathcolor.ltx)
Package xcolor Info: Model `cmy' substituted by `cmy0' on input line 1350.
Package xcolor Info: Model `hsb' substituted by `rgb' on input line 1354.
Package xcolor Info: Model `RGB' extended on input line 1366.
Package xcolor Info: Model `HTML' substituted by `rgb' on input line 1368.
Package xcolor Info: Model `Hsb' substituted by `hsb' on input line 1369.
Package xcolor Info: Model `tHsb' substituted by `hsb' on input line 1370.
Package xcolor Info: Model `HSB' substituted by `hsb' on input line 1371.
Package xcolor Info: Model `Gray' substituted by `gray' on input line 1372.
Package xcolor Info: Model `wave' substituted by `hsb' on input line 1373.
) (C:\Users\Nicholas\AppData\Local\Programs\MiKTeX\tex/latex/tocbibind\tocbibind.sty
Package: tocbibind 2026/06/01 v1.5l extra ToC listings
Package tocbibind Info: The document has chapter divisions on input line 50.


Package tocbibind Note: Using chapter style headings, unless overridden.

) (C:\Users\Nicholas\AppData\Local\Programs\MiKTeX\tex/latex/glossaries/base\glossaries.sty
Package: glossaries 2026/04/21 v5.1 (NLCT)
 (C:\Users\Nicholas\AppData\Local\Programs\MiKTeX\tex/latex/xkeyval\xkeyval.sty
Package: xkeyval 2022/06/16 v2.9 package option processing (HA)
 (C:\Users\Nicholas\AppData\Local\Programs\MiKTeX\tex/generic/xkeyval\xkeyval.tex (C:\Users\Nicholas\AppData\Local\Programs\MiKTeX\tex/generic/xkeyval\xkvutils.tex
\XKV@toks=\toks46
\XKV@tempa@toks=\toks47
)
\XKV@depth=\count352
File: xkeyval.tex 2014/12/03 v2.7a key=value parser (HA)
)) (C:\Users\Nicholas\AppData\Local\Programs\MiKTeX\tex/latex/mfirstuc\mfirstuc.sty
Package: mfirstuc 2025/04/03 v2.09 (NLCT)
\@glsmfirst=\toks48
\@glsmrest=\toks49
) (C:\Users\Nicholas\AppData\Local\Programs\MiKTeX\tex/latex/translator\translator.sty
Package: translator 2021-05-31 v1.12d Easy translation of strings in LaTeX
) (C:\Users\Nicholas\AppData\Local\Programs\MiKTeX\tex/latex/glossaries-english\glossaries-english.ldf
File: glossaries-english.ldf 2014/11/23 v1.0
)
\gls@level=\count353
\@gls@tmpb=\toks50
\gls@tmplen=\skip56
\l__glossaries_tmpa_dim=\dimen173
\l__glossaries_tmpb_dim=\dimen174
\glskeylisttok=\toks51
\glslabeltok=\toks52
\glsshorttok=\toks53
\glslongtok=\toks54
 (C:\Users\Nicholas\AppData\Local\Programs\MiKTeX\tex/latex/glossaries/styles\glossary-hypernav.sty
Package: glossary-hypernav 2026/04/21 v5.1 (NLCT)
) (C:\Users\Nicholas\AppData\Local\Programs\MiKTeX\tex/latex/glossaries/styles\glossary-list.sty
Package: glossary-list 2026/04/21 v5.1 (NLCT)
\glslistdottedwidth=\skip57
) (C:\Users\Nicholas\AppData\Local\Programs\MiKTeX\tex/latex/glossaries/styles\glossary-long.sty
Package: glossary-long 2026/04/21 v5.1 (NLCT)
 (C:\Users\Nicholas\AppData\Local\Programs\MiKTeX\tex/latex/tools\longtable.sty
Package: longtable 2023-11-01 v4.19 Multi-page Table package (DPC)
\LTleft=\skip58
\LTright=\skip59
\LTpre=\skip60
\LTpost=\skip61
\LTchunksize=\count354
\LTcapwidth=\dimen175
\LT@head=\box64
\LT@firsthead=\box65
\LT@foot=\box66
\LT@lastfoot=\box67
\LT@gbox=\box68
\LT@cols=\count355
\LT@rows=\count356
\c@LT@tables=\count357
\c@LT@chunks=\count358
\LT@p@ftn=\toks55
)
\glsdescwidth=\skip62
\glspagelistwidth=\skip63
) (C:\Users\Nicholas\AppData\Local\Programs\MiKTeX\tex/latex/glossaries/styles\glossary-super.sty
Package: glossary-super 2026/04/21 v5.1 (NLCT)
 (C:\Users\Nicholas\AppData\Local\Programs\MiKTeX\tex/latex/supertabular\supertabular.sty
Package: supertabular 2025/06/26 v4.2d the supertabular environment
\c@tracingst=\count359
\ST@wd=\dimen176
\ST@rightskip=\skip64
\ST@leftskip=\skip65
\ST@parfillskip=\skip66
\ST@pageleft=\dimen177
\ST@headht=\dimen178
\ST@tailht=\dimen179
\ST@pagesofar=\dimen180
\ST@pboxht=\dimen181
\ST@rowht=\dimen182
\ST@prevht=\dimen183
\ST@toadd=\dimen184
\ST@dimen=\dimen185
\ST@pbox=\box69
)) (C:\Users\Nicholas\AppData\Local\Programs\MiKTeX\tex/latex/glossaries/styles\glossary-tree.sty
Package: glossary-tree 2026/04/21 v5.1 (NLCT)
\l__glossaries_tree_max_known_level_int=\count360
\l__glossaries_tree_offset_dim=\dimen186
\l__glossaries_tree_namewidth_dim=\dimen187
\l__glossaries_tree_symbolwidth_dim=\dimen188
\l__glossaries_tree_prenamesym_width_dim=\dimen189
\l__glossaries_tree_presubnamesym_width_dim=\dimen190
\l__glossaries_tree_namewidth_padding_dim=\dimen191
\l__glossaries_tree_symbolwidth_padding_dim=\dimen192
\l__glossaries_tree_namesymbolwidth_dim=\dimen193
\l__glossaries_tree_namesymbolwidth_padding_dim=\dimen194
\l__glossaries_tree_level_int=\count361
\glstreeindent=\skip67
)) (C:\Users\Nicholas\AppData\Local\Programs\MiKTeX\tex/latex/pstricks\pstricks.sty
Package: pstricks 2024/02/02 v0.75 LaTeX wrapper for `PSTricks' (RN,HV)
 (C:\Users\Nicholas\AppData\Local\Programs\MiKTeX\tex/generic/xkeyval\pst-xkey.tex
File: pst-xkey.tex 2005/11/25 v1.6 PSTricks specialization of xkeyval (HA)
) (C:\Users\Nicholas\AppData\Local\Programs\MiKTeX\tex/generic/pstricks\pstricks.tex (C:\Users\Nicholas\AppData\Local\Programs\MiKTeX\tex/generic/pstricks\pst-fp.tex `pst-fp' v0.06, 2020/11/20 (hv)
\pstFP@xs=\count362
\pstFP@xia=\count363
\pstFP@xib=\count364
\pstFP@xfa=\count365
\pstFP@xfb=\count366
\pstFP@rega=\count367
\pstFP@regb=\count368
\pstFP@regs=\count369
\pstFP@times=\count370
) (C:\Users\Nicholas\AppData\Local\Programs\MiKTeX\tex/latex/pgf/utilities\pgffor.sty (C:\Users\Nicholas\AppData\Local\Programs\MiKTeX\tex/latex/pgf/utilities\pgfrcs.sty (C:\Users\Nicholas\AppData\Local\Programs\MiKTeX\tex/generic/pgf/utilities\pgfutil-common.tex
\pgfutil@everybye=\toks56
\pgfutil@tempdima=\dimen195
\pgfutil@tempdimb=\dimen196
) (C:\Users\Nicholas\AppData\Local\Programs\MiKTeX\tex/generic/pgf/utilities\pgfutil-latex.def
\pgfutil@abb=\box70
) (C:\Users\Nicholas\AppData\Local\Programs\MiKTeX\tex/generic/pgf/utilities\pgfrcs.code.tex (C:\Users\Nicholas\AppData\Local\Programs\MiKTeX\tex/generic/pgf\pgf.revision.tex)
Package: pgfrcs 2023-01-15 v3.1.10 (3.1.10)
)) (C:\Users\Nicholas\AppData\Local\Programs\MiKTeX\tex/latex/pgf/utilities\pgfkeys.sty (C:\Users\Nicholas\AppData\Local\Programs\MiKTeX\tex/generic/pgf/utilities\pgfkeys.code.tex
\pgfkeys@pathtoks=\toks57
\pgfkeys@temptoks=\toks58
 (C:\Users\Nicholas\AppData\Local\Programs\MiKTeX\tex/generic/pgf/utilities\pgfkeyslibraryfiltered.code.tex
\pgfkeys@tmptoks=\toks59
))) (C:\Users\Nicholas\AppData\Local\Programs\MiKTeX\tex/latex/pgf/math\pgfmath.sty (C:\Users\Nicholas\AppData\Local\Programs\MiKTeX\tex/generic/pgf/math\pgfmath.code.tex (C:\Users\Nicholas\AppData\Local\Programs\MiKTeX\tex/generic/pgf/math\pgfmathutil.code.tex
\pgf@x=\dimen197
\pgf@xa=\dimen198
\pgf@xb=\dimen199
\pgf@xc=\dimen256
\pgf@y=\dimen257
\pgf@ya=\dimen258
\pgf@yb=\dimen259
\pgf@yc=\dimen260
\c@pgf@counta=\count371
\c@pgf@countb=\count372
\c@pgf@countc=\count373
\c@pgf@countd=\count374
) (C:\Users\Nicholas\AppData\Local\Programs\MiKTeX\tex/generic/pgf/math\pgfmathparser.code.tex
\pgfmath@dimen=\dimen261
\pgfmath@count=\count375
\pgfmath@box=\box71
\pgfmath@toks=\toks60
\pgfmath@stack@operand=\toks61
\pgfmath@stack@operation=\toks62
) (C:\Users\Nicholas\AppData\Local\Programs\MiKTeX\tex/generic/pgf/math\pgfmathfunctions.code.tex) (C:\Users\Nicholas\AppData\Local\Programs\MiKTeX\tex/generic/pgf/math\pgfmathfunctions.basic.code.tex) (C:\Users\Nicholas\AppData\Local\Programs\MiKTeX\tex/generic/pgf/math\pgfmathfunctions.trigonometric.code.tex) (C:\Users\Nicholas\AppData\Local\Programs\MiKTeX\tex/generic/pgf/math\pgfmathfunctions.random.code.tex) (C:\Users\Nicholas\AppData\Local\Programs\MiKTeX\tex/generic/pgf/math\pgfmathfunctions.comparison.code.tex) (C:\Users\Nicholas\AppData\Local\Programs\MiKTeX\tex/generic/pgf/math\pgfmathfunctions.base.code.tex) (C:\Users\Nicholas\AppData\Local\Programs\MiKTeX\tex/generic/pgf/math\pgfmathfunctions.round.code.tex) (C:\Users\Nicholas\AppData\Local\Programs\MiKTeX\tex/generic/pgf/math\pgfmathfunctions.misc.code.tex) (C:\Users\Nicholas\AppData\Local\Programs\MiKTeX\tex/generic/pgf/math\pgfmathfunctions.integerarithmetics.code.tex) (C:\Users\Nicholas\AppData\Local\Programs\MiKTeX\tex/generic/pgf/math\pgfmathcalc.code.tex) (C:\Users\Nicholas\AppData\Local\Programs\MiKTeX\tex/generic/pgf/math\pgfmathfloat.code.tex
\c@pgfmathroundto@lastzeros=\count376
))) (C:\Users\Nicholas\AppData\Local\Programs\MiKTeX\tex/generic/pgf/utilities\pgffor.code.tex
Package: pgffor 2023-01-15 v3.1.10 (3.1.10)
\pgffor@iter=\dimen262
\pgffor@skip=\dimen263
\pgffor@stack=\toks63
\pgffor@toks=\toks64
))
\psLoopIndex=\count377

`PSTricks' v3.22A  <2025/12/13> (tvz,hv)
\pst@dima=\dimen264
\pst@dimb=\dimen265
\pst@dimc=\dimen266
\pst@dimd=\dimen267
\pst@dimg=\dimen268
\pst@dimh=\dimen269
\pst@dimm=\dimen270
\pst@dimn=\dimen271
\pst@dimo=\dimen272
\pst@dimp=\dimen273
\pst@hbox=\box72
\pst@ibox=\box73
\pst@boxg=\box74
\pst@cnta=\count378
\pst@cntb=\count379
\pst@cntc=\count380
\pst@cntd=\count381
\pst@cntg=\count382
\pst@cnth=\count383
\pst@cntm=\count384
\pst@cntn=\count385
\pst@cnto=\count386
\pst@cntp=\count387
\@zero=\count388
\pst@toks=\toks65
--- We are running latex or xelatex ---
(C:\Users\Nicholas\AppData\Local\Programs\MiKTeX\tex/generic/pstricks\pstricks.con) (C:\Users\Nicholas\AppData\Local\Programs\MiKTeX\tex/generic/pstricks\pstricks-color.tex)
\psunit=\dimen274
\psxunit=\dimen275
\psyunit=\dimen276
\pst@C@@rType=\count389
\pslinewidth=\dimen277
\psk@startLW=\dimen278
\psk@endLW=\dimen279
 (C:\Users\Nicholas\AppData\Local\Programs\MiKTeX\tex/generic/pstricks\pstricks-arrows.tex
\pshooklength=\dimen280
\pshookwidth=\dimen281
)
\pst@customdefs=\toks66
 (C:\Users\Nicholas\AppData\Local\Programs\MiKTeX\tex/generic/pstricks\pstricks-dots.tex)
\pslinearc=\dimen282
\pst@symbolStep=\dimen283
\pst@symbolWidth=\dimen284
\pst@symbolLinewidth=\dimen285
 (C:\Users\Nicholas\AppData\Local\Programs\MiKTeX\tex/generic/pstricks\pst-code-grid.tex) (C:\Users\Nicholas\AppData\Local\Programs\MiKTeX\tex/generic/pstricks\pst-code-box.tex
\everypsbox=\toks67
\psframesep=\dimen286
) (C:\Users\Nicholas\AppData\Local\Programs\MiKTeX\tex/generic/pstricks\pst-code-arc.tex) (C:\Users\Nicholas\AppData\Local\Programs\MiKTeX\tex/generic/pstricks\pst-code-circle_ellipse.tex) (C:\Users\Nicholas\AppData\Local\Programs\MiKTeX\tex/generic/pstricks\pst-code-ref_rot.tex) (C:\Users\Nicholas\AppData\Local\Programs\MiKTeX\tex/generic/pstricks\pst-code-put.tex
\pslabelsep=\dimen287
) (C:\Users\Nicholas\AppData\Local\Programs\MiKTeX\tex/generic/pstricks\pst-code-pspicture.tex
\sh@wgridXunit=\dimen288
\sh@wgridYunit=\dimen289
\pst@shift=\dimen290
\ps@imagectr=\count390
) (C:\Users\Nicholas\AppData\Local\Programs\MiKTeX\tex/generic/pstricks\pstricks.con))
File: pstricks.tex 2025/12/13 v3.22A `PSTricks' (tvz,hv)
 (C:\Users\Nicholas\AppData\Local\Programs\MiKTeX\tex/generic/pstricks\pst-fp.tex `pst-fp' v0.06, 2020/11/20 (hv))
File: pst-fp.tex 2020/11/20 v0.06 `PST-fp' (hv)
) (C:\Users\Nicholas\AppData\Local\Programs\MiKTeX\tex/latex/tools\theorem.sty
Package: theorem 2023/07/05 v2.2c Theorem extension package (FMi)
\theorem@style=\toks68
\theorem@bodyfont=\toks69
\theorempreskipamount=\skip68
\theorempostskipamount=\skip69
 (C:\Users\Nicholas\AppData\Local\Programs\MiKTeX\tex/latex/tools\thp.sty
File: thp.sty 2023/07/05 v2.2c Theorem extension package (FMi)
)) (C:\Users\Nicholas\AppData\Local\Programs\MiKTeX\tex/latex/changepage\changepage.sty
Package: changepage 2009/10/20 v1.0c check page and change page layout
\c@cp@cntr=\count391
\cp@tempcnt=\count392
) (C:\Users\Nicholas\AppData\Local\Programs\MiKTeX\tex/latex/amsfonts\euscript.sty
Package: euscript 2009/06/22 v3.00 Euler Script fonts
LaTeX Font Info:    Overwriting math alphabet `\EuScript' in version `bold'
(Font)                  U/eus/m/n --> U/eus/b/n on input line 33.
) (C:\Users\Nicholas\AppData\Local\Programs\MiKTeX\tex/latex/base\textcomp.sty
Package: textcomp 2020/02/02 v2.0n Standard LaTeX package
) (C:\Users\Nicholas\AppData\Local\Programs\MiKTeX\tex/latex/esvect\esvect.sty
Package: esvect 
\symesvector=\mathgroup6
) (C:\Users\Nicholas\AppData\Local\Programs\MiKTeX\tex/latex/parskip\parskip.sty
Package: parskip 2021-03-14 v2.0h non-zero parskip adjustments
 (C:\Users\Nicholas\AppData\Local\Programs\MiKTeX\tex/latex/kvoptions\kvoptions.sty
Package: kvoptions 2022-06-15 v3.15 Key value format for package options (HO)
 (C:\Users\Nicholas\AppData\Local\Programs\MiKTeX\tex/latex/kvsetkeys\kvsetkeys.sty
Package: kvsetkeys 2022-10-05 v1.19 Key value parser (HO)
))) (C:\Users\Nicholas\AppData\Local\Programs\MiKTeX\tex/latex/placeins\placeins.sty
Package: placeins 2005/04/18  v 2.2
) (C:\Users\Nicholas\AppData\Local\Programs\MiKTeX\tex/latex/caption\subcaption.sty
Package: subcaption 2023/07/28 v1.6b Sub-captions (AR)
 (C:\Users\Nicholas\AppData\Local\Programs\MiKTeX\tex/latex/caption\caption.sty
Package: caption 2023/08/05 v3.6o Customizing captions (AR)
 (C:\Users\Nicholas\AppData\Local\Programs\MiKTeX\tex/latex/caption\caption3.sty
Package: caption3 2023/07/31 v2.4d caption3 kernel (AR)
\caption@tempdima=\dimen291
\captionmargin=\dimen292
\caption@leftmargin=\dimen293
\caption@rightmargin=\dimen294
\caption@width=\dimen295
\caption@indent=\dimen296
\caption@parindent=\dimen297
\caption@hangindent=\dimen298
Package caption Info: Standard document class detected.
)
\c@caption@flags=\count393
\c@continuedfloat=\count394
Package caption Info: changepage package is loaded.
\caption@adjustwidth@hsize=\dimen299
\caption@adjustwidth@linewidth=\dimen300
Package caption Info: longtable package is loaded.
 (C:\Users\Nicholas\AppData\Local\Programs\MiKTeX\tex/latex/caption\ltcaption.sty
Package: ltcaption 2021/01/08 v1.4c longtable captions (AR)
)
Package caption Info: supertabular package is loaded.
)
Package caption Info: New subtype `subfigure' on input line 238.
\c@subfigure=\count395
Package caption Info: New subtype `subtable' on input line 238.
\c@subtable=\count396
) (C:\Users\Nicholas\AppData\Local\Programs\MiKTeX\tex/latex/stmaryrd\stmaryrd.sty
Package: stmaryrd 1994/03/03 St Mary's Road symbol package
\symstmry=\mathgroup7
LaTeX Font Info:    Overwriting symbol font `stmry' in version `bold'
(Font)                  U/stmry/m/n --> U/stmry/b/n on input line 89.
) (C:\Users\Nicholas\AppData\Local\Programs\MiKTeX\tex/latex/fancyhdr\fancyhdr.sty
Package: fancyhdr 2025/02/07 v5.2 Extensive control of page headers and footers
\f@nch@headwidth=\skip70
\f@nch@offset@elh=\skip71
\f@nch@offset@erh=\skip72
\f@nch@offset@olh=\skip73
\f@nch@offset@orh=\skip74
\f@nch@offset@elf=\skip75
\f@nch@offset@erf=\skip76
\f@nch@offset@olf=\skip77
\f@nch@offset@orf=\skip78
\f@nch@height=\skip79
\f@nch@footalignment=\skip80
\f@nch@widthL=\skip81
\f@nch@widthC=\skip82
\f@nch@widthR=\skip83
\@temptokenb=\toks70
) (C:\Users\Nicholas\AppData\Local\Programs\MiKTeX\tex/latex/base\graphpap.sty
Package: graphpap 1994/08/09 v1.0c Standard LaTeX graphpap package (LL)
) (C:\Users\Nicholas\AppData\Local\Programs\MiKTeX\tex/latex/base\makeidx.sty
Package: makeidx 2021/10/04 v1.0m Standard LaTeX package
) (C:\Users\Nicholas\AppData\Local\Programs\MiKTeX\tex/latex/tools\enumerate.sty
Package: enumerate 2023/07/04 v3.00 enumerate extensions (DPC)
\@enLab=\toks71
) (C:\Users\Nicholas\AppData\Local\Programs\MiKTeX\tex/latex/esint\esint.sty
Package: esint 
\symlargesymbolsA=\mathgroup8
) (C:\Users\Nicholas\AppData\Local\Programs\MiKTeX\tex/latex/datetime\datetime.sty
Package: datetime 2015/03/20 v2.60 Date Time Package
 (C:\Users\Nicholas\AppData\Local\Programs\MiKTeX\tex/latex/fmtcount\fmtcount.sty
Package: fmtcount 2025/12/02 v3.12 Displaying the values of LaTeX counters (NT,VB,NE)
 (C:\Users\Nicholas\AppData\Local\Programs\MiKTeX\tex/latex/fmtcount\fcprefix.sty
Package: fcprefix 2012/09/28
 (C:\Users\Nicholas\AppData\Local\Programs\MiKTeX\tex/latex/fmtcount\fcnumparser.sty
Package: fcnumparser 2017/06/15
\fc@digit@counter=\count397
))
\c@padzeroesN=\count398
\fc@tmpcatcode=\count399
 (C:\Users\Nicholas\AppData\Local\Programs\MiKTeX\tex/latex/fmtcount\fc-english.def
File: fc-english.def 2016/01/12
)
\@DT@modctr=\count400
\@ordinalctr=\count401
\@orgargctr=\count402
\@strctr=\count403
\@tmpstrctr=\count404
\@DT@loopN=\count405
\@DT@X=\count406
) (C:\Users\Nicholas\AppData\Local\Programs\MiKTeX\tex/latex/datetime\datetime-defaults.sty
Package: datetime-defaults 2013/09/10
)
\@day=\count407
\@month=\count408
\@year=\count409
\c@HOUR=\count410
\c@HOURXII=\count411
\c@MINUTE=\count412
\c@TOHOUR=\count413
\c@TOMINUTE=\count414
\c@SECOND=\count415
\currenthour=\count416
\currentminute=\count417
\currentsecond=\count418
Package datetime Info: No datetime.cfg file found, using default settings on input line 308.
\@dtctr=\count419
\dayofyear=\count420
\dayofweek=\count421
LaTeX Info: Redefining \today on input line 736.
\dt@a=\toks72
\dt@b=\toks73
) (C:\Users\Nicholas\AppData\Local\Programs\MiKTeX\tex/latex/smartdiagram\smartdiagram.sty
Package: smartdiagram 2016/12/23 v0.3b Automatic creation of smart diagrams from lists of items.
 (C:\Users\Nicholas\AppData\Local\Programs\MiKTeX\tex/latex/pgf/frontendlayer\tikz.sty (C:\Users\Nicholas\AppData\Local\Programs\MiKTeX\tex/latex/pgf/basiclayer\pgf.sty
Package: pgf 2023-01-15 v3.1.10 (3.1.10)
 (C:\Users\Nicholas\AppData\Local\Programs\MiKTeX\tex/latex/pgf/basiclayer\pgfcore.sty (C:\Users\Nicholas\AppData\Local\Programs\MiKTeX\tex/latex/pgf/systemlayer\pgfsys.sty (C:\Users\Nicholas\AppData\Local\Programs\MiKTeX\tex/generic/pgf/systemlayer\pgfsys.code.tex
Package: pgfsys 2023-01-15 v3.1.10 (3.1.10)
\pgf@x=\dimen301
\pgf@y=\dimen302
\pgf@xa=\dimen303
\pgf@ya=\dimen304
\pgf@xb=\dimen305
\pgf@yb=\dimen306
\pgf@xc=\dimen307
\pgf@yc=\dimen308
\pgf@xd=\dimen309
\pgf@yd=\dimen310
\w@pgf@writea=\write3
\r@pgf@reada=\read3
\c@pgf@counta=\count422
\c@pgf@countb=\count423
\c@pgf@countc=\count424
\c@pgf@countd=\count425
\t@pgf@toka=\toks74
\t@pgf@tokb=\toks75
\t@pgf@tokc=\toks76
\pgf@sys@id@count=\count426
 (C:\Users\Nicholas\AppData\Local\Programs\MiKTeX\tex/generic/pgf/systemlayer\pgf.cfg
File: pgf.cfg 2023-01-15 v3.1.10 (3.1.10)
)
Driver file for pgf: pgfsys-pdftex.def
 (C:\Users\Nicholas\AppData\Local\Programs\MiKTeX\tex/generic/pgf/systemlayer\pgfsys-pdftex.def
File: pgfsys-pdftex.def 2023-01-15 v3.1.10 (3.1.10)
 (C:\Users\Nicholas\AppData\Local\Programs\MiKTeX\tex/generic/pgf/systemlayer\pgfsys-common-pdf.def
File: pgfsys-common-pdf.def 2023-01-15 v3.1.10 (3.1.10)
))) (C:\Users\Nicholas\AppData\Local\Programs\MiKTeX\tex/generic/pgf/systemlayer\pgfsyssoftpath.code.tex
File: pgfsyssoftpath.code.tex 2023-01-15 v3.1.10 (3.1.10)
\pgfsyssoftpath@smallbuffer@items=\count427
\pgfsyssoftpath@bigbuffer@items=\count428
) (C:\Users\Nicholas\AppData\Local\Programs\MiKTeX\tex/generic/pgf/systemlayer\pgfsysprotocol.code.tex
File: pgfsysprotocol.code.tex 2023-01-15 v3.1.10 (3.1.10)
)) (C:\Users\Nicholas\AppData\Local\Programs\MiKTeX\tex/generic/pgf/basiclayer\pgfcore.code.tex
Package: pgfcore 2023-01-15 v3.1.10 (3.1.10)
 (C:\Users\Nicholas\AppData\Local\Programs\MiKTeX\tex/generic/pgf/math\pgfint.code.tex) (C:\Users\Nicholas\AppData\Local\Programs\MiKTeX\tex/generic/pgf/basiclayer\pgfcorepoints.code.tex
File: pgfcorepoints.code.tex 2023-01-15 v3.1.10 (3.1.10)
\pgf@picminx=\dimen311
\pgf@picmaxx=\dimen312
\pgf@picminy=\dimen313
\pgf@picmaxy=\dimen314
\pgf@pathminx=\dimen315
\pgf@pathmaxx=\dimen316
\pgf@pathminy=\dimen317
\pgf@pathmaxy=\dimen318
\pgf@xx=\dimen319
\pgf@xy=\dimen320
\pgf@yx=\dimen321
\pgf@yy=\dimen322
\pgf@zx=\dimen323
\pgf@zy=\dimen324
) (C:\Users\Nicholas\AppData\Local\Programs\MiKTeX\tex/generic/pgf/basiclayer\pgfcorepathconstruct.code.tex
File: pgfcorepathconstruct.code.tex 2023-01-15 v3.1.10 (3.1.10)
\pgf@path@lastx=\dimen325
\pgf@path@lasty=\dimen326
) (C:\Users\Nicholas\AppData\Local\Programs\MiKTeX\tex/generic/pgf/basiclayer\pgfcorepathusage.code.tex
File: pgfcorepathusage.code.tex 2023-01-15 v3.1.10 (3.1.10)
\pgf@shorten@end@additional=\dimen327
\pgf@shorten@start@additional=\dimen328
) (C:\Users\Nicholas\AppData\Local\Programs\MiKTeX\tex/generic/pgf/basiclayer\pgfcorescopes.code.tex
File: pgfcorescopes.code.tex 2023-01-15 v3.1.10 (3.1.10)
\pgfpic=\box75
\pgf@hbox=\box76
\pgf@layerbox@main=\box77
\pgf@picture@serial@count=\count429
) (C:\Users\Nicholas\AppData\Local\Programs\MiKTeX\tex/generic/pgf/basiclayer\pgfcoregraphicstate.code.tex
File: pgfcoregraphicstate.code.tex 2023-01-15 v3.1.10 (3.1.10)
\pgflinewidth=\dimen329
) (C:\Users\Nicholas\AppData\Local\Programs\MiKTeX\tex/generic/pgf/basiclayer\pgfcoretransformations.code.tex
File: pgfcoretransformations.code.tex 2023-01-15 v3.1.10 (3.1.10)
\pgf@pt@x=\dimen330
\pgf@pt@y=\dimen331
\pgf@pt@temp=\dimen332
) (C:\Users\Nicholas\AppData\Local\Programs\MiKTeX\tex/generic/pgf/basiclayer\pgfcorequick.code.tex
File: pgfcorequick.code.tex 2023-01-15 v3.1.10 (3.1.10)
) (C:\Users\Nicholas\AppData\Local\Programs\MiKTeX\tex/generic/pgf/basiclayer\pgfcoreobjects.code.tex
File: pgfcoreobjects.code.tex 2023-01-15 v3.1.10 (3.1.10)
) (C:\Users\Nicholas\AppData\Local\Programs\MiKTeX\tex/generic/pgf/basiclayer\pgfcorepathprocessing.code.tex
File: pgfcorepathprocessing.code.tex 2023-01-15 v3.1.10 (3.1.10)
) (C:\Users\Nicholas\AppData\Local\Programs\MiKTeX\tex/generic/pgf/basiclayer\pgfcorearrows.code.tex
File: pgfcorearrows.code.tex 2023-01-15 v3.1.10 (3.1.10)
\pgfarrowsep=\dimen333
) (C:\Users\Nicholas\AppData\Local\Programs\MiKTeX\tex/generic/pgf/basiclayer\pgfcoreshade.code.tex
File: pgfcoreshade.code.tex 2023-01-15 v3.1.10 (3.1.10)
\pgf@max=\dimen334
\pgf@sys@shading@range@num=\count430
\pgf@shadingcount=\count431
) (C:\Users\Nicholas\AppData\Local\Programs\MiKTeX\tex/generic/pgf/basiclayer\pgfcoreimage.code.tex
File: pgfcoreimage.code.tex 2023-01-15 v3.1.10 (3.1.10)
) (C:\Users\Nicholas\AppData\Local\Programs\MiKTeX\tex/generic/pgf/basiclayer\pgfcoreexternal.code.tex
File: pgfcoreexternal.code.tex 2023-01-15 v3.1.10 (3.1.10)
\pgfexternal@startupbox=\box78
) (C:\Users\Nicholas\AppData\Local\Programs\MiKTeX\tex/generic/pgf/basiclayer\pgfcorelayers.code.tex
File: pgfcorelayers.code.tex 2023-01-15 v3.1.10 (3.1.10)
) (C:\Users\Nicholas\AppData\Local\Programs\MiKTeX\tex/generic/pgf/basiclayer\pgfcoretransparency.code.tex
File: pgfcoretransparency.code.tex 2023-01-15 v3.1.10 (3.1.10)
) (C:\Users\Nicholas\AppData\Local\Programs\MiKTeX\tex/generic/pgf/basiclayer\pgfcorepatterns.code.tex
File: pgfcorepatterns.code.tex 2023-01-15 v3.1.10 (3.1.10)
) (C:\Users\Nicholas\AppData\Local\Programs\MiKTeX\tex/generic/pgf/basiclayer\pgfcorerdf.code.tex
File: pgfcorerdf.code.tex 2023-01-15 v3.1.10 (3.1.10)
))) (C:\Users\Nicholas\AppData\Local\Programs\MiKTeX\tex/generic/pgf/modules\pgfmoduleshapes.code.tex
File: pgfmoduleshapes.code.tex 2023-01-15 v3.1.10 (3.1.10)
\pgfnodeparttextbox=\box79
) (C:\Users\Nicholas\AppData\Local\Programs\MiKTeX\tex/generic/pgf/modules\pgfmoduleplot.code.tex
File: pgfmoduleplot.code.tex 2023-01-15 v3.1.10 (3.1.10)
) (C:\Users\Nicholas\AppData\Local\Programs\MiKTeX\tex/latex/pgf/compatibility\pgfcomp-version-0-65.sty
Package: pgfcomp-version-0-65 2023-01-15 v3.1.10 (3.1.10)
\pgf@nodesepstart=\dimen335
\pgf@nodesepend=\dimen336
) (C:\Users\Nicholas\AppData\Local\Programs\MiKTeX\tex/latex/pgf/compatibility\pgfcomp-version-1-18.sty
Package: pgfcomp-version-1-18 2023-01-15 v3.1.10 (3.1.10)
)) (C:\Users\Nicholas\AppData\Local\Programs\MiKTeX\tex/generic/pgf/frontendlayer/tikz\tikz.code.tex
Package: tikz 2023-01-15 v3.1.10 (3.1.10)
 (C:\Users\Nicholas\AppData\Local\Programs\MiKTeX\tex/generic/pgf/libraries\pgflibraryplothandlers.code.tex
File: pgflibraryplothandlers.code.tex 2023-01-15 v3.1.10 (3.1.10)
\pgf@plot@mark@count=\count432
\pgfplotmarksize=\dimen337
)
\tikz@lastx=\dimen338
\tikz@lasty=\dimen339
\tikz@lastxsaved=\dimen340
\tikz@lastysaved=\dimen341
\tikz@lastmovetox=\dimen342
\tikz@lastmovetoy=\dimen343
\tikzleveldistance=\dimen344
\tikzsiblingdistance=\dimen345
\tikz@figbox=\box80
\tikz@figbox@bg=\box81
\tikz@tempbox=\box82
\tikz@tempbox@bg=\box83
\tikztreelevel=\count433
\tikznumberofchildren=\count434
\tikznumberofcurrentchild=\count435
\tikz@fig@count=\count436
 (C:\Users\Nicholas\AppData\Local\Programs\MiKTeX\tex/generic/pgf/modules\pgfmodulematrix.code.tex
File: pgfmodulematrix.code.tex 2023-01-15 v3.1.10 (3.1.10)
\pgfmatrixcurrentrow=\count437
\pgfmatrixcurrentcolumn=\count438
\pgf@matrix@numberofcolumns=\count439
)
\tikz@expandcount=\count440
 (C:\Users\Nicholas\AppData\Local\Programs\MiKTeX\tex/generic/pgf/frontendlayer/tikz/libraries\tikzlibrarytopaths.code.tex
File: tikzlibrarytopaths.code.tex 2023-01-15 v3.1.10 (3.1.10)
))) (C:\Users\Nicholas\AppData\Local\Programs\MiKTeX\tex/latex/l3packages/xparse\xparse.sty (C:\Users\Nicholas\AppData\Local\Programs\MiKTeX\tex/latex/l3kernel\expl3.sty
Package: expl3 2024-01-04 L3 programming layer (loader) 
 (C:\Users\Nicholas\AppData\Local\Programs\MiKTeX\tex/latex/l3backend\l3backend-pdftex.def
File: l3backend-pdftex.def 2024-01-04 L3 backend support: PDF output (pdfTeX)
\l__color_backend_stack_int=\count441
\l__pdf_internal_box=\box84
))
Package: xparse 2023-10-10 L3 Experimental document command parser
) (C:\Users\Nicholas\AppData\Local\Programs\MiKTeX\tex/latex/xstring\xstring.sty (C:\Users\Nicholas\AppData\Local\Programs\MiKTeX\tex/generic/xstring\xstring.tex
\xs_counta=\count442
\xs_countb=\count443
)
Package: xstring 2023/08/22 v1.86 String manipulations (CT)
) (C:\Users\Nicholas\AppData\Local\Programs\MiKTeX\tex/generic/pgf/frontendlayer/tikz/libraries\tikzlibrarybackgrounds.code.tex
File: tikzlibrarybackgrounds.code.tex 2023-01-15 v3.1.10 (3.1.10)
\pgf@layerbox@background=\box85
\pgf@layerboxsaved@background=\box86
) (C:\Users\Nicholas\AppData\Local\Programs\MiKTeX\tex/generic/pgf/frontendlayer/tikz/libraries\tikzlibrarycalc.code.tex
File: tikzlibrarycalc.code.tex 2023-01-15 v3.1.10 (3.1.10)
) (C:\Users\Nicholas\AppData\Local\Programs\MiKTeX\tex/generic/pgf/frontendlayer/tikz/libraries\tikzlibraryfadings.code.tex
File: tikzlibraryfadings.code.tex 2023-01-15 v3.1.10 (3.1.10)
 (C:\Users\Nicholas\AppData\Local\Programs\MiKTeX\tex/generic/pgf/libraries\pgflibraryfadings.code.tex
File: pgflibraryfadings.code.tex 2023-01-15 v3.1.10 (3.1.10)
)) (C:\Users\Nicholas\AppData\Local\Programs\MiKTeX\tex/generic/pgf/frontendlayer/tikz/libraries\tikzlibraryshadows.code.tex
File: tikzlibraryshadows.code.tex 2023-01-15 v3.1.10 (3.1.10)
) (C:\Users\Nicholas\AppData\Local\Programs\MiKTeX\tex/generic/pgf/frontendlayer/tikz/libraries\tikzlibraryshapes.arrows.code.tex
File: tikzlibraryshapes.arrows.code.tex 2023-01-15 v3.1.10 (3.1.10)
 (C:\Users\Nicholas\AppData\Local\Programs\MiKTeX\tex/generic/pgf/libraries/shapes\pgflibraryshapes.arrows.code.tex
File: pgflibraryshapes.arrows.code.tex 2023-01-15 v3.1.10 (3.1.10)
)) (C:\Users\Nicholas\AppData\Local\Programs\MiKTeX\tex/generic/pgf/frontendlayer/tikz/libraries\tikzlibraryshapes.symbols.code.tex
File: tikzlibraryshapes.symbols.code.tex 2023-01-15 v3.1.10 (3.1.10)
 (C:\Users\Nicholas\AppData\Local\Programs\MiKTeX\tex/generic/pgf/libraries/shapes\pgflibraryshapes.symbols.code.tex
File: pgflibraryshapes.symbols.code.tex 2023-01-15 v3.1.10 (3.1.10)
))
\pgf@layerbox@smart diagram arrow back=\box87
\pgf@layerboxsaved@smart diagram arrow back=\box88
 (C:\Users\Nicholas\AppData\Local\Programs\MiKTeX\tex/latex/smartdiagram\smartdiagramlibrarycore.definitions.code.tex) (C:\Users\Nicholas\AppData\Local\Programs\MiKTeX\tex/latex/smartdiagram\smartdiagramlibrarycore.styles.code.tex) (C:\Users\Nicholas\AppData\Local\Programs\MiKTeX\tex/latex/smartdiagram\smartdiagramlibrarycore.commands.code.tex)) (C:\Users\Nicholas\AppData\Local\Programs\MiKTeX\tex/latex/smartdiagram\smartdiagramlibraryadditions.code.tex (C:\Users\Nicholas\AppData\Local\Programs\MiKTeX\tex/generic/pgf/frontendlayer/tikz/libraries\tikzlibrarypositioning.code.tex
File: tikzlibrarypositioning.code.tex 2023-01-15 v3.1.10 (3.1.10)
)) (C:\Users\Nicholas\AppData\Local\Programs\MiKTeX\tex/latex/abstract\abstract.sty
Package: abstract 2009/06/08 v1.2a configurable abstracts
\abstitleskip=\skip84
\absleftindent=\skip85
\absrightindent=\skip86
\absparindent=\skip87
\absparsep=\skip88
) (C:\Users\Nicholas\AppData\Local\Programs\MiKTeX\tex/latex/colortbl\colortbl.sty
Package: colortbl 2026/05/01 v1.0l Color table columns (DPC)
\everycr=\toks77
\minrowclearance=\skip89
\rownum=\count444
) (C:\Users\Nicholas\AppData\Local\Programs\MiKTeX\tex/latex/graphics\rotating.sty
Package: rotating 2016/08/11 v2.16d rotated objects in LaTeX
\c@r@tfl@t=\count445
\rotFPtop=\skip90
\rotFPbot=\skip91
\rot@float@box=\box89
\rot@mess@toks=\toks78
) (C:\Users\Nicholas\AppData\Local\Programs\MiKTeX\tex/latex/arydshln\arydshln.sty
Package: arydshln 2019/02/21 v1.76 
\dashlinedash=\dimen346
\dashlinegap=\dimen347
\adl@box=\box90
\adl@height=\dimen348
\adl@heightsave=\dimen349
\adl@depth=\dimen350
\adl@depthsave=\dimen351
\adl@finaldepth=\dimen352
\adl@columns=\count446
\adl@ncol=\count447
\adl@currentcolumn=\count448
\adl@currentcolumnsave=\count449
\adl@totalheight=\count450
\adl@totalheightsave=\count451
\adl@dash=\count452
\adl@gap=\count453
\adl@cla=\count454
\adl@clb=\count455
\adl@everyvbox=\toks79
\adl@LTpagetotal=\dimen353
) (C:\Users\Nicholas\AppData\Local\Programs\MiKTeX\tex/latex/booktabs\booktabs.sty
Package: booktabs 2020/01/12 v1.61803398 Publication quality tables
\heavyrulewidth=\dimen354
\lightrulewidth=\dimen355
\cmidrulewidth=\dimen356
\belowrulesep=\dimen357
\belowbottomsep=\dimen358
\aboverulesep=\dimen359
\abovetopsep=\dimen360
\cmidrulesep=\dimen361
\cmidrulekern=\dimen362
\defaultaddspace=\dimen363
\@cmidla=\count456
\@cmidlb=\count457
\@aboverulesep=\dimen364
\@belowrulesep=\dimen365
\@thisruleclass=\count458
\@lastruleclass=\count459
\@thisrulewidth=\dimen366
) (C:\Users\Nicholas\AppData\Local\Programs\MiKTeX\tex/latex/tools\tabularx.sty
Package: tabularx 2023/07/08 v2.11c `tabularx' package (DPC)
\TX@col@width=\dimen367
\TX@old@table=\dimen368
\TX@old@col=\dimen369
\TX@target=\dimen370
\TX@delta=\dimen371
\TX@cols=\count460
\TX@ftn=\toks80
) (C:\Users\Nicholas\AppData\Local\Programs\MiKTeX\tex/latex/tikz-3dplot\tikz-3dplot.sty (C:\Users\Nicholas\AppData\Local\Programs\MiKTeX\tex/generic/pgf/frontendlayer/tikz/libraries\tikzlibrary3d.code.tex
File: tikzlibrary3d.code.tex 2023-01-15 v3.1.10 (3.1.10)
) (C:\Users\Nicholas\AppData\Local\Programs\MiKTeX\tex/generic/pgf/frontendlayer/tikz/libraries\tikzlibraryarrows.code.tex
File: tikzlibraryarrows.code.tex 2023-01-15 v3.1.10 (3.1.10)

(C:\Users\Nicholas\AppData\Local\Programs\MiKTeX\tex/generic/pgf/libraries\pgflibraryarrows.code.tex
File: pgflibraryarrows.code.tex 2023-01-15 v3.1.10 (3.1.10)
\arrowsize=\dimen372
))) (C:\Users\Nicholas\AppData\Local\Programs\MiKTeX\tex/generic/pgf/libraries\pgflibraryarrows.meta.code.tex
File: pgflibraryarrows.meta.code.tex 2023-01-15 v3.1.10 (3.1.10)
\pgfarrowinset=\dimen373
\pgfarrowlength=\dimen374
\pgfarrowwidth=\dimen375
\pgfarrowlinewidth=\dimen376
) (C:\Users\Nicholas\AppData\Local\Programs\MiKTeX\tex/generic/pgf/frontendlayer/tikz/libraries\tikzlibraryautomata.code.tex
File: tikzlibraryautomata.code.tex 2023-01-15 v3.1.10 (3.1.10)
 (C:\Users\Nicholas\AppData\Local\Programs\MiKTeX\tex/generic/pgf/frontendlayer/tikz/libraries\tikzlibraryshapes.multipart.code.tex
File: tikzlibraryshapes.multipart.code.tex 2023-01-15 v3.1.10 (3.1.10)
 (C:\Users\Nicholas\AppData\Local\Programs\MiKTeX\tex/generic/pgf/libraries/shapes\pgflibraryshapes.multipart.code.tex
File: pgflibraryshapes.multipart.code.tex 2023-01-15 v3.1.10 (3.1.10)
\pgfnodepartlowerbox=\box91
\pgfnodeparttwobox=\box92
\pgfnodepartthreebox=\box93
\pgfnodepartfourbox=\box94
\pgfnodeparttwentybox=\box95
\pgfnodepartnineteenbox=\box96
\pgfnodeparteighteenbox=\box97
\pgfnodepartseventeenbox=\box98
\pgfnodepartsixteenbox=\box99
\pgfnodepartfifteenbox=\box100
\pgfnodepartfourteenbox=\box101
\pgfnodepartthirteenbox=\box102
\pgfnodeparttwelvebox=\box103
\pgfnodepartelevenbox=\box104
\pgfnodeparttenbox=\box105
\pgfnodepartninebox=\box106
\pgfnodeparteightbox=\box107
\pgfnodepartsevenbox=\box108
\pgfnodepartsixbox=\box109
\pgfnodepartfivebox=\box110
))) (C:\Users\Nicholas\AppData\Local\Programs\MiKTeX\tex/generic/pgf/frontendlayer/tikz/libraries\tikzlibrarydecorations.code.tex (C:\Users\Nicholas\AppData\Local\Programs\MiKTeX\tex/generic/pgf/modules\pgfmoduledecorations.code.tex
\pgfdecoratedcompleteddistance=\dimen377
\pgfdecoratedremainingdistance=\dimen378
\pgfdecoratedinputsegmentcompleteddistance=\dimen379
\pgfdecoratedinputsegmentremainingdistance=\dimen380
\pgf@decorate@distancetomove=\dimen381
\pgf@decorate@repeatstate=\count461
\pgfdecorationsegmentamplitude=\dimen382
\pgfdecorationsegmentlength=\dimen383
)
\tikz@lib@dec@box=\box111
) (C:\Users\Nicholas\AppData\Local\Programs\MiKTeX\tex/generic/pgf/frontendlayer/tikz/libraries\tikzlibrarydecorations.pathmorphing.code.tex (C:\Users\Nicholas\AppData\Local\Programs\MiKTeX\tex/generic/pgf/libraries/decorations\pgflibrarydecorations.pathmorphing.code.tex)) (C:\Users\Nicholas\AppData\Local\Programs\MiKTeX\tex/generic/pgf/frontendlayer/tikz/libraries\tikzlibrarydecorations.pathreplacing.code.tex (C:\Users\Nicholas\AppData\Local\Programs\MiKTeX\tex/generic/pgf/libraries/decorations\pgflibrarydecorations.pathreplacing.code.tex)) (C:\Users\Nicholas\AppData\Local\Programs\MiKTeX\tex/generic/pgf/frontendlayer/tikz/libraries\tikzlibrarydecorations.fractals.code.tex (C:\Users\Nicholas\AppData\Local\Programs\MiKTeX\tex/generic/pgf/libraries/decorations\pgflibrarydecorations.fractals.code.tex)) (C:\Users\Nicholas\AppData\Local\Programs\MiKTeX\tex/latex/pgf/frontendlayer/libraries\tikzlibraryexternal.code.tex (C:\Users\Nicholas\AppData\Local\Programs\MiKTeX\tex/latex/base\atveryend-ltx.sty
Package: atveryend-ltx 2020/08/19 v1.0a Emulation of the original atveryend package
with kernel methods
) (C:\Users\Nicholas\AppData\Local\Programs\MiKTeX\tex/generic/pgf/frontendlayer/tikz/libraries\tikzexternalshared.code.tex)) (C:\Users\Nicholas\AppData\Local\Programs\MiKTeX\tex/generic/pgf/frontendlayer/tikz/libraries\tikzlibraryfit.code.tex
File: tikzlibraryfit.code.tex 2023-01-15 v3.1.10 (3.1.10)
) (C:\Users\Nicholas\AppData\Local\Programs\MiKTeX\tex/generic/pgf/frontendlayer/tikz/libraries\tikzlibrarymatrix.code.tex
File: tikzlibrarymatrix.code.tex 2023-01-15 v3.1.10 (3.1.10)
) (C:\Users\Nicholas\AppData\Local\Programs\MiKTeX\tex/generic/pgf/frontendlayer/tikz/libraries\tikzlibrarypetri.code.tex
File: tikzlibrarypetri.code.tex 2023-01-15 v3.1.10 (3.1.10)
) (C:\Users\Nicholas\AppData\Local\Programs\MiKTeX\tex/generic/pgf/frontendlayer/tikz/libraries\tikzlibraryshapes.code.tex
File: tikzlibraryshapes.code.tex 2023-01-15 v3.1.10 (3.1.10)
 (C:\Users\Nicholas\AppData\Local\Programs\MiKTeX\tex/generic/pgf/frontendlayer/tikz/libraries\tikzlibraryshapes.geometric.code.tex
File: tikzlibraryshapes.geometric.code.tex 2023-01-15 v3.1.10 (3.1.10)
 (C:\Users\Nicholas\AppData\Local\Programs\MiKTeX\tex/generic/pgf/libraries/shapes\pgflibraryshapes.geometric.code.tex
File: pgflibraryshapes.geometric.code.tex 2023-01-15 v3.1.10 (3.1.10)
)) (C:\Users\Nicholas\AppData\Local\Programs\MiKTeX\tex/generic/pgf/frontendlayer/tikz/libraries\tikzlibraryshapes.misc.code.tex
File: tikzlibraryshapes.misc.code.tex 2023-01-15 v3.1.10 (3.1.10)
 (C:\Users\Nicholas\AppData\Local\Programs\MiKTeX\tex/generic/pgf/libraries/shapes\pgflibraryshapes.misc.code.tex
File: pgflibraryshapes.misc.code.tex 2023-01-15 v3.1.10 (3.1.10)
)) (C:\Users\Nicholas\AppData\Local\Programs\MiKTeX\tex/generic/pgf/frontendlayer/tikz/libraries\tikzlibraryshapes.callouts.code.tex (C:\Users\Nicholas\AppData\Local\Programs\MiKTeX\tex/generic/pgf/libraries/shapes\pgflibraryshapes.callouts.code.tex))) (C:\Users\Nicholas\AppData\Local\Programs\MiKTeX\tex/generic/pgf/frontendlayer/tikz/libraries\tikzlibraryintersections.code.tex (C:\Users\Nicholas\AppData\Local\Programs\MiKTeX\tex/generic/pgf/libraries\pgflibraryintersections.code.tex (C:\Users\Nicholas\AppData\Local\Programs\MiKTeX\tex/generic/pgf/libraries\pgflibraryfpu.code.tex)
\pgf@intersect@solutions=\count462
)) (C:\Users\Nicholas\AppData\Local\Programs\MiKTeX\tex/latex/eso-pic\eso-pic.sty
Package: eso-pic 2026/05/31 v3.0e eso-pic (RN)
\ESO@tempdima=\dimen384
\ESO@tempdimb=\dimen385
)
\qvec@height=\skip92
\qvec@depth=\skip93
\qvec@width=\skip94
\pvec@height=\skip95
\pvec@depth=\skip96
\pvec@width=\skip97
\vvec@height=\skip98
\vvec@depth=\skip99
\vvec@width=\skip100
 (C:\Users\Nicholas\AppData\Local\Programs\MiKTeX\tex/latex/titlesec\titlesec.sty
Package: titlesec 2025/01/04 v2.17 Sectioning titles
\ttl@box=\box112
\beforetitleunit=\skip101
\aftertitleunit=\skip102
\ttl@plus=\dimen386
\ttl@minus=\dimen387
\ttl@toksa=\toks81
\titlewidth=\dimen388
\titlewidthlast=\dimen389
\titlewidthfirst=\dimen390
) (C:\Users\Nicholas\AppData\Local\Programs\MiKTeX\tex/latex/multirow\multirow.sty
Package: multirow 2024/11/12 v2.9 Span multiple rows of a table
\multirow@colwidth=\skip103
\multirow@cntb=\count463
\multirow@dima=\skip104
\bigstrutjot=\dimen391
) (C:\Users\Nicholas\AppData\Local\Programs\MiKTeX\tex/latex/hyperref\hyperref.sty
Package: hyperref 2023-11-26 v7.01g Hypertext links for LaTeX
 (C:\Users\Nicholas\AppData\Local\Programs\MiKTeX\tex/generic/kvdefinekeys\kvdefinekeys.sty
Package: kvdefinekeys 2019-12-19 v1.6 Define keys (HO)
) (C:\Users\Nicholas\AppData\Local\Programs\MiKTeX\tex/generic/pdfescape\pdfescape.sty
Package: pdfescape 2019/12/09 v1.15 Implements pdfTeX's escape features (HO)
) (C:\Users\Nicholas\AppData\Local\Programs\MiKTeX\tex/latex/hycolor\hycolor.sty
Package: hycolor 2020-01-27 v1.10 Color options for hyperref/bookmark (HO)
) (C:\Users\Nicholas\AppData\Local\Programs\MiKTeX\tex/latex/letltxmacro\letltxmacro.sty
Package: letltxmacro 2019/12/03 v1.6 Let assignment for LaTeX macros (HO)
) (C:\Users\Nicholas\AppData\Local\Programs\MiKTeX\tex/latex/auxhook\auxhook.sty
Package: auxhook 2019-12-17 v1.6 Hooks for auxiliary files (HO)
) (C:\Users\Nicholas\AppData\Local\Programs\MiKTeX\tex/latex/hyperref\nameref.sty
Package: nameref 2023-11-26 v2.56 Cross-referencing by name of section
 (C:\Users\Nicholas\AppData\Local\Programs\MiKTeX\tex/latex/refcount\refcount.sty
Package: refcount 2019/12/15 v3.6 Data extraction from label references (HO)
) (C:\Users\Nicholas\AppData\Local\Programs\MiKTeX\tex/generic/gettitlestring\gettitlestring.sty
Package: gettitlestring 2019/12/15 v1.6 Cleanup title references (HO)
)
\c@section@level=\count464
)
\@linkdim=\dimen392
\Hy@linkcounter=\count465
\Hy@pagecounter=\count466
 (C:\Users\Nicholas\AppData\Local\Programs\MiKTeX\tex/latex/hyperref\pd1enc.def
File: pd1enc.def 2023-11-26 v7.01g Hyperref: PDFDocEncoding definition (HO)
Now handling font encoding PD1 ...
... no UTF-8 mapping file for font encoding PD1
) (C:\Users\Nicholas\AppData\Local\Programs\MiKTeX\tex/generic/intcalc\intcalc.sty
Package: intcalc 2019/12/15 v1.3 Expandable calculations with integers (HO)
)
\Hy@SavedSpaceFactor=\count467
 (C:\Users\Nicholas\AppData\Local\Programs\MiKTeX\tex/latex/hyperref\puenc.def
File: puenc.def 2023-11-26 v7.01g Hyperref: PDF Unicode definition (HO)
Now handling font encoding PU ...
... no UTF-8 mapping file for font encoding PU
)
Package hyperref Info: Hyper figures OFF on input line 4181.
Package hyperref Info: Link nesting OFF on input line 4186.
Package hyperref Info: Hyper index ON on input line 4189.
Package hyperref Info: Plain pages OFF on input line 4196.
Package hyperref Info: Backreferencing OFF on input line 4201.
Package hyperref Info: Implicit mode ON; LaTeX internals redefined.
Package hyperref Info: Bookmarks ON on input line 4448.
\c@Hy@tempcnt=\count468
 (C:\Users\Nicholas\AppData\Local\Programs\MiKTeX\tex/latex/url\url.sty
\Urlmuskip=\muskip17
Package: url 2013/09/16  ver 3.4  Verb mode for urls, etc.
)
LaTeX Info: Redefining \url on input line 4786.
\XeTeXLinkMargin=\dimen393
 (C:\Users\Nicholas\AppData\Local\Programs\MiKTeX\tex/generic/bitset\bitset.sty
Package: bitset 2019/12/09 v1.3 Handle bit-vector datatype (HO)
 (C:\Users\Nicholas\AppData\Local\Programs\MiKTeX\tex/generic/bigintcalc\bigintcalc.sty
Package: bigintcalc 2019/12/15 v1.5 Expandable calculations on big integers (HO)
))
\Fld@menulength=\count469
\Field@Width=\dimen394
\Fld@charsize=\dimen395
Package hyperref Info: Hyper figures OFF on input line 6065.
Package hyperref Info: Link nesting OFF on input line 6070.
Package hyperref Info: Hyper index ON on input line 6073.
Package hyperref Info: backreferencing OFF on input line 6080.
Package hyperref Info: Link coloring OFF on input line 6085.
Package hyperref Info: Link coloring with OCG OFF on input line 6090.
Package hyperref Info: PDF/A mode OFF on input line 6095.
 (C:\Users\Nicholas\AppData\Local\Programs\MiKTeX\tex/latex/base\atbegshi-ltx.sty
Package: atbegshi-ltx 2021/01/10 v1.0c Emulation of the original atbegshi
package with kernel methods
)
\Hy@abspage=\count470
\c@Item=\count471
\c@Hfootnote=\count472
)
Package hyperref Info: Driver (autodetected): hpdftex.
 (C:\Users\Nicholas\AppData\Local\Programs\MiKTeX\tex/latex/hyperref\hpdftex.def
File: hpdftex.def 2023-11-26 v7.01g Hyperref driver for pdfTeX
\Fld@listcount=\count473
\c@bookmark@seq@number=\count474
 (C:\Users\Nicholas\AppData\Local\Programs\MiKTeX\tex/latex/rerunfilecheck\rerunfilecheck.sty
Package: rerunfilecheck 2025-06-21 v1.11 Rerun checks for auxiliary files (HO)
 (C:\Users\Nicholas\AppData\Local\Programs\MiKTeX\tex/generic/uniquecounter\uniquecounter.sty
Package: uniquecounter 2019/12/15 v1.4 Provide unlimited unique counter (HO)
)
Package uniquecounter Info: New unique counter `rerunfilecheck' on input line 284.
)
\Hy@SectionHShift=\skip105
) (C:\Users\Nicholas\AppData\Local\Programs\MiKTeX\tex/latex/lipsum\lipsum.sty (C:\Users\Nicholas\AppData\Local\Programs\MiKTeX\tex/latex/l3packages/l3keys2e\l3keys2e.sty
Package: l3keys2e 2023-10-10 LaTeX2e option processing using LaTeX3 keys
)
Package: lipsum 2021-09-20 v2.7 150 paragraphs of Lorem Ipsum dummy text
\g__lipsum_par_int=\count475
\l__lipsum_a_int=\count476
\l__lipsum_b_int=\count477
 (C:\Users\Nicholas\AppData\Local\Programs\MiKTeX\tex/latex/lipsum\lipsum.ltd.tex)) (C:\Users\Nicholas\AppData\Local\Programs\MiKTeX\tex/latex/tikz-cd\tikz-cd.sty
Package: tikz-cd 2021/05/04 v1.0 Commutative diagrams with TikZ
 (C:\Users\Nicholas\AppData\Local\Programs\MiKTeX\tex/latex/tikz-cd\tikzlibrarycd.code.tex (C:\Users\Nicholas\AppData\Local\Programs\MiKTeX\tex/generic/pgf/frontendlayer/tikz/libraries\tikzlibraryquotes.code.tex
File: tikzlibraryquotes.code.tex 2023-01-15 v3.1.10 (3.1.10)
))) (C:\Users\Nicholas\AppData\Local\Programs\MiKTeX\tex/latex/float\float.sty
Package: float 2001/11/08 v1.3d Float enhancements (AL)
\c@float@type=\count478
\float@exts=\toks82
\float@box=\box113
\@float@everytoks=\toks83
\@floatcapt=\box114
) (C:\Users\Nicholas\AppData\Local\Programs\MiKTeX\tex/latex/titling\titling.sty
Package: titling 2009/09/04 v2.1d maketitle typesetting
\thanksmarkwidth=\skip106
\thanksmargin=\skip107
\droptitle=\skip108
) (C:\Users\Nicholas\AppData\Local\Programs\MiKTeX\tex/latex/epigraph\epigraph.sty
Package: epigraph 2020/01/02 v1.5e typesetting epigraphs
 (C:\Users\Nicholas\AppData\Local\Programs\MiKTeX\tex/latex/nextpage\nextpage.sty
Package: nextpage 2009/09/03 v1.1a additional page commands
)
\beforeepigraphskip=\skip109
\afterepigraphskip=\skip110
\epigraphwidth=\skip111
\epigraphrule=\skip112
) (C:\Users\Nicholas\AppData\Local\Programs\MiKTeX\tex/latex/appendix\appendix.sty
Package: appendix 2020/02/08 v1.2c extra appendix facilities
\c@@pps=\count479
\c@@ppsavesec=\count480
\c@@ppsaveapp=\count481
) (C:\Users\Nicholas\AppData\Local\Programs\MiKTeX\tex/latex/setspace\setspace.sty
Package: setspace 2022/12/04 v6.7b set line spacing
) (C:\Users\Nicholas\AppData\Local\Programs\MiKTeX\tex/latex/listings\listings.sty
\lst@mode=\count482
\lst@gtempboxa=\box115
\lst@token=\toks84
\lst@length=\count483
\lst@currlwidth=\dimen396
\lst@column=\count484
\lst@pos=\count485
\lst@lostspace=\dimen397
\lst@width=\dimen398
\lst@newlines=\count486
\lst@lineno=\count487
\lst@maxwidth=\dimen399
 (C:\Users\Nicholas\AppData\Local\Programs\MiKTeX\tex/latex/listings\lstmisc.sty
File: lstmisc.sty 2023/02/27 1.9 (Carsten Heinz)
\c@lstnumber=\count488
\lst@skipnumbers=\count489
\lst@framebox=\box116
) (C:\Users\Nicholas\AppData\Local\Programs\MiKTeX\tex/latex/listings\listings.cfg
File: listings.cfg 2023/02/27 1.9 listings configuration
))
Package: listings 2023/02/27 1.9 (Carsten Heinz)
 (C:\Users\Nicholas\AppData\Local\Programs\MiKTeX\tex/latex/amsfonts\amsfonts.sty
Package: amsfonts 2013/01/14 v3.01 Basic AMSFonts support
\symAMSa=\mathgroup9
\symAMSb=\mathgroup10
LaTeX Font Info:    Redeclaring math symbol \hbar on input line 98.
LaTeX Font Info:    Overwriting math alphabet `\mathfrak' in version `bold'
(Font)                  U/euf/m/n --> U/euf/b/n on input line 106.
) (C:\Users\Nicholas\AppData\Local\Programs\MiKTeX\tex/latex/algorithms\algorithm.sty
Package: algorithm 2009/08/24 v0.1 Document Style `algorithm' - floating environment
\@float@every@algorithm=\toks85
\c@algorithm=\count490
) (C:\Users\Nicholas\AppData\Local\Programs\MiKTeX\tex/latex/algorithmicx\algpseudocode.sty
Package: algpseudocode 
 (C:\Users\Nicholas\AppData\Local\Programs\MiKTeX\tex/latex/algorithmicx\algorithmicx.sty
Package: algorithmicx 2005/04/27 v1.2 Algorithmicx

Document Style algorithmicx 1.2 - a greatly improved `algorithmic' style
\c@ALG@line=\count491
\c@ALG@rem=\count492
\c@ALG@nested=\count493
\ALG@tlm=\skip113
\ALG@thistlm=\skip114
\c@ALG@Lnr=\count494
\c@ALG@blocknr=\count495
\c@ALG@storecount=\count496
\c@ALG@tmpcounter=\count497
\ALG@tmplength=\skip115
)
Document Style - pseudocode environments for use with the `algorithmicx' style
) (C:\Users\Nicholas\AppData\Local\Programs\MiKTeX\tex/latex/pgfgantt\pgfgantt.sty
Package: pgfgantt 2024/06/19 v5.0a Draw Gantt diagrams with TikZ
 (C:\Users\Nicholas\AppData\Local\Programs\MiKTeX\tex/generic/pgf/frontendlayer/tikz/libraries\tikzlibrarypatterns.code.tex
File: tikzlibrarypatterns.code.tex 2023-01-15 v3.1.10 (3.1.10)
 (C:\Users\Nicholas\AppData\Local\Programs\MiKTeX\tex/generic/pgf/libraries\pgflibrarypatterns.code.tex
File: pgflibrarypatterns.code.tex 2023-01-15 v3.1.10 (3.1.10)
)) (C:\Users\Nicholas\AppData\Local\Programs\MiKTeX\tex/latex/pgf/utilities\pgfcalendar.sty (C:\Users\Nicholas\AppData\Local\Programs\MiKTeX\tex/generic/pgf/utilities\pgfcalendar.code.tex
File: pgfcalendar.code.tex 2023-01-15 v3.1.10 (3.1.10)
\pgfcalendarcurrentjulian=\count498
\pgf@cal@easter@Y=\count499
\pgf@cal@easter@G=\count500
\pgf@cal@easter@C=\count501
\pgf@cal@easter@X=\count502
\pgf@cal@easter@Z=\count503
\pgf@cal@easter@D=\count504
\pgf@cal@easter@E=\count505
\pgf@cal@easter@N=\count506
\pgf@cal@easter@M=\count507
\pgf@cal@easter@julianday=\count508
))
\gtt@currentline=\count509
\gtt@lasttitleline=\count510
\gtt@currgrid=\count511
\gtt@chartwidth=\count512
\gtt@lasttitleslot=\count513
\gtt@elementid=\count514
\gtt@today@slot=\count515
\gtt@startjulian=\count516
\gtt@endjulian=\count517
\gtt@chartid=\count518
\gtt@vrule@slot=\count519
\gtt@calendar@slots=\count520
\gtt@calendar@weeknumber=\count521
\gtt@calendar@startofweek=\count522
\gtt@left@slot=\count523
\gtt@right@slot=\count524
) (C:\Users\Nicholas\AppData\Local\Programs\MiKTeX\tex/latex/makecell\makecell.sty
Package: makecell 2009/08/03 V0.1e Managing of Tab Column Heads and Cells
\rotheadsize=\dimen400
\c@nlinenum=\count525
\TeXr@lab=\toks86
)) (C:\Users\Nicholas\AppData\Local\Programs\MiKTeX\tex/latex/graphics\lscape.sty
Package: lscape 2020/05/28 v3.02 Landscape Pages (DPC)
) (C:\Users\Nicholas\AppData\Local\Programs\MiKTeX\tex/latex/tools\multicol.sty
Package: multicol 2023/03/30 v1.9f multicolumn formatting (FMi)
\c@tracingmulticols=\count526
\mult@box=\box117
\multicol@leftmargin=\dimen401
\c@unbalance=\count527
\c@collectmore=\count528
\doublecol@number=\count529
\multicoltolerance=\count530
\multicolpretolerance=\count531
\full@width=\dimen402
\page@free=\dimen403
\premulticols=\dimen404
\postmulticols=\dimen405
\multicolsep=\skip116
\multicolbaselineskip=\skip117
\partial@page=\box118
\last@line=\box119
\mc@boxedresult=\box120
\maxbalancingoverflow=\dimen406
\mult@rightbox=\box121
\mult@grightbox=\box122
\mult@firstbox=\box123
\mult@gfirstbox=\box124
\@tempa=\box125
\@tempa=\box126
\@tempa=\box127
\@tempa=\box128
\@tempa=\box129
\@tempa=\box130
\@tempa=\box131
\@tempa=\box132
\@tempa=\box133
\@tempa=\box134
\@tempa=\box135
\@tempa=\box136
\@tempa=\box137
\@tempa=\box138
\@tempa=\box139
\@tempa=\box140
\@tempa=\box141
\@tempa=\box142
\@tempa=\box143
\@tempa=\box144
\@tempa=\box145
\@tempa=\box146
\@tempa=\box147
\@tempa=\box148
\@tempa=\box149
\@tempa=\box150
\@tempa=\box151
\@tempa=\box152
\@tempa=\box153
\@tempa=\box154
\@tempa=\box155
\@tempa=\box156
\@tempa=\box157
\@tempa=\box158
\@tempa=\box159
\@tempa=\box160
\c@minrows=\count532
\c@columnbadness=\count533
\c@finalcolumnbadness=\count534
\last@try=\dimen407
\multicolovershoot=\dimen408
\multicolundershoot=\dimen409
\mult@nat@firstbox=\box161
\colbreak@box=\box162
\mc@col@check@num=\count535
)
Package hyperref Info: Option `colorlinks' set `true' on input line 8.
Package hyperref Info: Option `plainpages' set `false' on input line 8.
 (Glossary.tex
\glswrite=\write4
\glo@main@file=\write5
\openout5 = `Report.glo'.

Package glossaries Info: Writing glossary file Report.glo on input line 1.
) (Report.aux)
\openout1 = `Report.aux'.

LaTeX Font Info:    Checking defaults for OML/cmm/m/it on input line 49.
LaTeX Font Info:    ... okay on input line 49.
LaTeX Font Info:    Checking defaults for OMS/cmsy/m/n on input line 49.
LaTeX Font Info:    ... okay on input line 49.
LaTeX Font Info:    Checking defaults for OT1/cmr/m/n on input line 49.
LaTeX Font Info:    ... okay on input line 49.
LaTeX Font Info:    Checking defaults for T1/cmr/m/n on input line 49.
LaTeX Font Info:    ... okay on input line 49.
LaTeX Font Info:    Checking defaults for TS1/cmr/m/n on input line 49.
LaTeX Font Info:    ... okay on input line 49.
LaTeX Font Info:    Checking defaults for OMX/cmex/m/n on input line 49.
LaTeX Font Info:    ... okay on input line 49.
LaTeX Font Info:    Checking defaults for U/cmr/m/n on input line 49.
LaTeX Font Info:    ... okay on input line 49.
LaTeX Font Info:    Checking defaults for T3/cmr/m/n on input line 49.
LaTeX Font Info:    Trying to load font information for T3+cmr on input line 49.
 (C:\Users\Nicholas\AppData\Local\Programs\MiKTeX\tex/latex/tipa\t3cmr.fd
File: t3cmr.fd 2001/12/31 TIPA font definitions
)
LaTeX Font Info:    ... okay on input line 49.
LaTeX Font Info:    Checking defaults for PD1/pdf/m/n on input line 49.
LaTeX Font Info:    ... okay on input line 49.
LaTeX Font Info:    Checking defaults for PU/pdf/m/n on input line 49.
LaTeX Font Info:    ... okay on input line 49.

*geometry* driver: auto-detecting
*geometry* detected driver: pdftex
*geometry* verbose mode - [ preamble ] result:
* driver: pdftex
* paper: a4paper
* layout: <same size as paper>
* layoutoffset:(h,v)=(0.0pt,0.0pt)
* modes: 
* h-part:(L,W,R)=(72.91019pt, 451.6875pt, 72.91019pt)
* v-part:(T,H,B)=(99.52774pt, 596.2275pt, 149.29161pt)
* \paperwidth=597.50787pt
* \paperheight=845.04684pt
* \textwidth=451.6875pt
* \textheight=596.2275pt
* \oddsidemargin=0.6402pt
* \evensidemargin=0.6402pt
* \topmargin=-9.74225pt
* \headheight=15.0pt
* \headsep=25.0pt
* \topskip=12.0pt
* \footskip=30.0pt
* \marginparwidth=35.0pt
* \marginparsep=10.0pt
* \columnsep=10.0pt
* \skip\footins=10.8pt plus 4.0pt minus 2.0pt
* \hoffset=0.0pt
* \voffset=0.0pt
* \mag=1000
* \@twocolumnfalse
* \@twosidefalse
* \@mparswitchfalse
* \@reversemarginfalse
* (1in=72.27pt=25.4mm, 1cm=28.453pt)

(C:\Users\Nicholas\AppData\Local\Programs\MiKTeX\tex/latex/translations/dicts\translations-basic-dictionary-english.trsl
File: translations-basic-dictionary-english.trsl (english translation file `translations-basic-dictionary')
)
Package translations Info: loading dictionary `translations-basic-dictionary' for `english'. on input line 49.
 (C:\Users\Nicholas\AppData\Local\Programs\MiKTeX\tex/context/base/mkii\supp-pdf.mkii
[Loading MPS to PDF converter (version 2006.09.02).]
\scratchcounter=\count536
\scratchdimen=\dimen410
\scratchbox=\box163
\nofMPsegments=\count537
\nofMParguments=\count538
\everyMPshowfont=\toks87
\MPscratchCnt=\count539
\MPscratchDim=\dimen411
\MPnumerator=\count540
\makeMPintoPDFobject=\count541
\everyMPtoPDFconversion=\toks88
) (C:\Users\Nicholas\AppData\Local\Programs\MiKTeX\tex/latex/epstopdf-pkg\epstopdf-base.sty
Package: epstopdf-base 2020-01-24 v2.11 Base part for package epstopdf
Package epstopdf-base Info: Redefining graphics rule for `.eps' on input line 485.
 (C:\Users\Nicholas\AppData\Local\Programs\MiKTeX\tex/latex/00miktex\epstopdf-sys.cfg
File: epstopdf-sys.cfg 2021/03/18 v2.0 Configuration of epstopdf for MiKTeX
)) (C:\Users\Nicholas\AppData\Local\Programs\MiKTeX\tex/latex/translator\translator-months-dictionary-English.dict
Dictionary: translator-months-dictionary, Language: English 
)
Package caption Info: Begin \AtBeginDocument code.
Package caption Info: float package is loaded.
Package caption Info: hyperref package is loaded.
Package caption Info: listings package is loaded.
Package caption Info: rotating package is loaded.
Package caption Info: End \AtBeginDocument code.
Package hyperref Info: Link coloring ON on input line 49.
 (Report.out) (Report.out)
\@outlinefile=\write6
\openout6 = `Report.out'.

\c@lstlisting=\count542
LaTeX Font Info:    Trying to load font information for U+lasy on input line 68.
 (C:\Users\Nicholas\AppData\Local\Programs\MiKTeX\tex/latex/base\ulasy.fd
File: ulasy.fd 1998/08/17 v2.2e LaTeX symbol font definitions
)
LaTeX Font Info:    Trying to load font information for U+rsfs on input line 68.
 (C:\Users\Nicholas\AppData\Local\Programs\MiKTeX\tex/latex/jknappen\ursfs.fd
File: ursfs.fd 1998/03/24 rsfs font definition file (jk)
)
LaTeX Font Info:    Trying to load font information for U+esvect on input line 68.
 (C:\Users\Nicholas\AppData\Local\Programs\MiKTeX\tex/latex/esvect\uesvect.fd
File: uesvect.fd 
)
LaTeX Font Info:    Trying to load font information for U+stmry on input line 68.
 (C:\Users\Nicholas\AppData\Local\Programs\MiKTeX\tex/latex/stmaryrd\ustmry.fd)
LaTeX Font Info:    Trying to load font information for U+esint on input line 68.
 (C:\Users\Nicholas\AppData\Local\Programs\MiKTeX\tex/latex/esint\uesint.fd
File: uesint.fd 
)
LaTeX Font Info:    Trying to load font information for U+msa on input line 68.
 (C:\Users\Nicholas\AppData\Local\Programs\MiKTeX\tex/latex/amsfonts\umsa.fd
File: umsa.fd 2013/01/14 v3.01 AMS symbols A
)
LaTeX Font Info:    Trying to load font information for U+msb on input line 68.
 (C:\Users\Nicholas\AppData\Local\Programs\MiKTeX\tex/latex/amsfonts\umsb.fd
File: umsb.fd 2013/01/14 v3.01 AMS symbols B
)
<Logos/UCL page header.png, id=309, 600.279pt x 114.756pt>
File: Logos/UCL page header.png Graphic file (type png)
<use Logos/UCL page header.png>
Package pdftex.def Info: Logos/UCL page header.png  used on input line 68.
(pdftex.def)             Requested size: 597.50787pt x 114.23038pt.
<Logos/UCL page footer.png, id=311, 599.841pt x 52.0344pt>
File: Logos/UCL page footer.png Graphic file (type png)
<use Logos/UCL page footer.png>
Package pdftex.def Info: Logos/UCL page footer.png  used on input line 68.
(pdftex.def)             Requested size: 717.00761pt x 62.20036pt.

Overfull \hbox (119.49974pt too wide) has occurred while \output is active
[][] 
 []

[1
Non-PDF special ignored!
<special> header=pstricks.pro
Non-PDF special ignored!
<special> header=pst-algparser.pro
Non-PDF special ignored!
<special> header=pst-tools.pro
Non-PDF special ignored!
<special> header=pst-dots.pro

Non-PDF special ignored!
<special> ps: /pssetRGBcolor /setrgbcolor load def /pssetCMYKcolor /setcmyk...
Non-PDF special ignored!
<special> ps:tx@Dict begin  gsave STV CP T /ps@rot 0 def grestore  end
Non-PDF special ignored!
<special> ps:tx@Dict begin  gsave STV CP T /ps@refangle 0.  def grestore  e...
\openout4 = `Report.ist'.

{C:/Users/Nicholas/AppData/Local/MiKTeX/fonts/map/pdftex/pdftex.map} <./Logos/UCL page header.png> <./Logos/UCL page footer.png>] (0 Abstract.tex) [1]
LaTeX Font Info:    Trying to load font information for T1+pzc on input line 97.
 (C:\Users\Nicholas\AppData\Local\Programs\MiKTeX\tex/latex/psnfss\t1pzc.fd
File: t1pzc.fd 2020/03/25 font definitions for T1/pzc.
)
LaTeX Font Info:    Font shape `T1/pzc/m/n' in size <12> not available
(Font)              Font shape `T1/pzc/m/it' tried instead on input line 97.
LaTeX Font Info:    Font shape `T1/pzc/m/n' in size <20.74> not available
(Font)              Font shape `T1/pzc/m/it' tried instead on input line 97.

pdfTeX warning (ext4): destination with the same identifier (name{page.i}) has been already used, duplicate ignored
<to be read again> 
                   \relax 
l.112 \tableofcontents
                       [1

{C:/Users/Nicholas/AppData/Local/Programs/MiKTeX/fonts/enc/dvips/base/8r.enc}] (Report.toc [2

] [3])
\tf@toc=\write7
\openout7 = `Report.toc'.

 [4] (Report.lof [5

] [6]
Overfull \hbox (1.67815pt too wide) in paragraph at lines 25--25
 [][] [][][]\T1/cmr/m/n/12 Daily means from QC-valid ob-served hours (solid black) and the TabICLv2- 
 []

[7] [8])
\tf@lof=\write8
\openout8 = `Report.lof'.

 [9] [10] (Report.lot [11

]
Overfull \hbox (20.01262pt too wide) in paragraph at lines 20--20
 [][] [][][]\T1/cmr/m/n/12 Raw and CQR-calibrated 90% prediction-interval per-for-mance for the TabPFN 
 []

[12])
\tf@lot=\write9
\openout9 = `Report.lot'.

 [13]
\dtldb@list=\toks89
\dtlkeys@list=\toks90
\dtlrows@list=\count543
\dtlcols@list=\count544
 [14

] [15] [16] (1 Introduction.tex
Chapter 1.

Overfull \hbox (18.32285pt too wide) in paragraph at lines 15--25
[]\T1/cmr/m/n/12 Eddy Co-vari-ance (EC) mea-sure-ments pro-vide a means of ob-serv-ing this in-te-grated ecosystem-
 []


pdfTeX warning (ext4): destination with the same identifier (name{page.1}) has been already used, duplicate ignored
<to be read again> 
                   \relax 
l.37 T
      he objective of this dissertation is therefore to determine how effect... [1


]
Overfull \hbox (0.67567pt too wide) in paragraph at lines 37--45
\T1/cmr/m/n/12 learning mod-els can re-con-struct, fore-cast, and project ecosystem-scale CH$[]$ flux at NWFP.
 []

[2] [3]) (2 Background.tex [4]
Chapter 2.
<Figures/ch2_NWFP Map.png, id=866, 660.4675pt x 934.49126pt>
File: Figures/ch2_NWFP Map.png Graphic file (type png)
<use Figures/ch2_NWFP Map.png>
Package pdftex.def Info: Figures/ch2_NWFP Map.png  used on input line 38.
(pdftex.def)             Requested size: 311.83067pt x 441.20724pt.
[5

] [6 <./Figures/ch2_NWFP Map.png>] [7] [8] [9] [10] [11] [12]
Overfull \hbox (4.2915pt too wide) in paragraph at lines 334--341
\T1/cmr/m/n/12 Existing re-search demon-strates that ma-chine learn-ing can re-con-struct miss-ing EC methane
 []

) (3 Data.tex [13]
Chapter 3.

Overfull \hbox (451.6875pt too wide) detected at line 28
[]
 []


Underfull \hbox (badness 10000) in alignment at lines 26--33
[] [] []
 []


Underfull \hbox (badness 10000) in alignment at lines 33--38
[] [] []
 []


Underfull \hbox (badness 10000) in alignment at lines 38--41
[] [] []
 []


Underfull \hbox (badness 10000) in alignment at lines 41--43
[] [] []
 []


Underfull \hbox (badness 10000) in alignment at lines 43--64
[] [] []
 []


Underfull \hbox (badness 10000) has occurred while \output is active
[] [] []
 []


Overfull \vbox (16.3338pt too high) has occurred while \output is active []

 [14

]
<Figures/ch3_fch4_three_tower_availability.png, id=965, 763.434pt x 664.5555pt>
File: Figures/ch3_fch4_three_tower_availability.png Graphic file (type png)
<use Figures/ch3_fch4_three_tower_availability.png>
Package pdftex.def Info: Figures/ch3_fch4_three_tower_availability.png  used on input line 113.
(pdftex.def)             Requested size: 451.6875pt x 393.18964pt.
 [15] [16 <./Figures/ch3_fch4_three_tower_availability.png>]
LaTeX Font Info:    Trying to load font information for T1+cmtt on input line 152.
 (C:\Users\Nicholas\AppData\Local\Programs\MiKTeX\tex/latex/base\t1cmtt.fd
File: t1cmtt.fd 2023/04/13 v2.5m Standard LaTeX font definitions
) [17] [18]
<Figures/ch3_fch4_target_correlations.png, id=1002, 430.6635pt x 344.925pt>
File: Figures/ch3_fch4_target_correlations.png Graphic file (type png)
<use Figures/ch3_fch4_target_correlations.png>
Package pdftex.def Info: Figures/ch3_fch4_target_correlations.png  used on input line 233.
(pdftex.def)             Requested size: 370.38705pt x 296.65076pt.
 [19] [20 <./Figures/ch3_fch4_target_correlations.png>]
<Figures/ch3_tica_umap_embeddings.png, id=1016, 750.951pt x 578.16pt>
File: Figures/ch3_tica_umap_embeddings.png Graphic file (type png)
<use Figures/ch3_tica_umap_embeddings.png>
Package pdftex.def Info: Figures/ch3_tica_umap_embeddings.png  used on input line 262.
(pdftex.def)             Requested size: 451.6875pt x 347.75441pt.
 [21 <./Figures/ch3_tica_umap_embeddings.png>]) (4 Models and Methods.tex [22]
Chapter 4.
[23

] [24] [25] [26] [27] [28] [29] [30]
Overfull \vbox (5.4213pt too high) has occurred while \output is active []

 [31] [32]
Overfull \hbox (1.71703pt too wide) in paragraph at lines 717--720
[]\T1/cmr/m/n/12 Conformalized Quan-tile Re-gres-sion was ad-di-tion-ally used where the na-tive quan-tile spread
 []

[33] [34]) (5 Gap Filling.tex [35]
Chapter 5.
[36

] [37] [38]
<Figures/ch4_tabiclv2_daily_T4_2023H2.png, id=1188, 895.9071pt x 339.1872pt>
File: Figures/ch4_tabiclv2_daily_T4_2023H2.png Graphic file (type png)
<use Figures/ch4_tabiclv2_daily_T4_2023H2.png>
Package pdftex.def Info: Figures/ch4_tabiclv2_daily_T4_2023H2.png  used on input line 158.
(pdftex.def)             Requested size: 451.6875pt x 171.01129pt.
 [39 <./Figures/ch4_tabiclv2_daily_T4_2023H2.png>]
<Figures/ch4_latest_tabicl_uq_hourly_T9_3month_example.png, id=1201, 1084.05pt x 375.804pt>
File: Figures/ch4_latest_tabicl_uq_hourly_T9_3month_example.png Graphic file (type png)
<use Figures/ch4_latest_tabicl_uq_hourly_T9_3month_example.png>
Package pdftex.def Info: Figures/ch4_latest_tabicl_uq_hourly_T9_3month_example.png  used on input line 227.
(pdftex.def)             Requested size: 451.6875pt x 156.58652pt.
 [40]) (6 Forecasting.tex [41 <./Figures/ch4_latest_tabicl_uq_hourly_T9_3month_example.png>]
Chapter 6.

Overfull \hbox (4.35213pt too wide) in paragraph at lines 65--66
 []|\T1/cmr/m/n/10 Count| 
 []

[42

] [43]
<Figures/ch5_champion_3towers.png, id=1226, 1304.875pt x 1505.625pt>
File: Figures/ch5_champion_3towers.png Graphic file (type png)
<use Figures/ch5_champion_3towers.png>
Package pdftex.def Info: Figures/ch5_champion_3towers.png  used on input line 175.
(pdftex.def)             Requested size: 383.93712pt x 443.00684pt.
 [44] [45 <./Figures/ch5_champion_3towers.png (PNG copy)>]
<Figures/ch5_tabpfn_permutation_sensitivity_overall.png, id=1242, 578.16pt x 433.62pt>
File: Figures/ch5_tabpfn_permutation_sensitivity_overall.png Graphic file (type png)
<use Figures/ch5_tabpfn_permutation_sensitivity_overall.png>
Package pdftex.def Info: Figures/ch5_tabpfn_permutation_sensitivity_overall.png  used on input line 234.
(pdftex.def)             Requested size: 361.35136pt x 271.01183pt.
 [46] [47 <./Figures/ch5_tabpfn_permutation_sensitivity_overall.png>]
<Figures/cqr_gallery/ch5_cqr_forecast_T04_2021.png, id=1257, 939.51pt x 361.35pt>
File: Figures/cqr_gallery/ch5_cqr_forecast_T04_2021.png Graphic file (type png)
<use Figures/cqr_gallery/ch5_cqr_forecast_T04_2021.png>
Package pdftex.def Info: Figures/cqr_gallery/ch5_cqr_forecast_T04_2021.png  used on input line 276.
(pdftex.def)             Requested size: 451.6875pt x 173.72723pt.
) (7 Scenario Projection.tex [48 <./Figures/cqr_gallery/ch5_cqr_forecast_T04_2021.png>]
Chapter 7.
[49

]

LaTeX Warning: `h' float specifier changed to `ht'.

[50] [51]) (8 Discussion.tex [52]
Chapter 8.
[53

] [54]
Overfull \hbox (9.71634pt too wide) in paragraph at lines 64--68
\T1/cmr/m/n/12 Its QC-valid cov-er-age is low-est of the three tow-ers (92.0% un-avail-able vs. 68.3%/81.7%
 []

[55]) (Report.bbl [56] [57] [58

] [59] [60] [61] [62]) (Appendices/A_Data.tex [63]
Appendix A.

Overfull \hbox (451.6875pt too wide) detected at line 25
[]
 []


Underfull \hbox (badness 10000) in alignment at lines 24--30
[] [] [] []
 []


Underfull \hbox (badness 10000) in alignment at lines 30--35
[] [] [] []
 []


Underfull \hbox (badness 10000) in alignment at lines 35--38
[] [] [] []
 []


Underfull \hbox (badness 10000) in alignment at lines 38--40
[] [] [] []
 []


Underfull \hbox (badness 10000) in paragraph at lines 43--44
[]|\T1/cmr/m/n/8 Distinct from ecosystem-scale
 []


Underfull \hbox (badness 10000) in paragraph at lines 44--44
[]|\T1/cmtt/m/n/8 TAU \T1/cmr/m/n/8 and
 []


Underfull \hbox (badness 10000) in paragraph at lines 44--44
\T1/cmr/m/n/8 state/integral-turbulence qual-ity
 []


Underfull \hbox (badness 1259) in paragraph at lines 44--44
[]|\T1/cmr/m/n/8 kg m$[]$ s$[]$ and
 []


Underfull \hbox (badness 10000) in paragraph at lines 46--46
[]|\T1/cmtt/m/n/8 LE \T1/cmr/m/n/8 and
 []


Underfull \hbox (badness 10000) in paragraph at lines 47--47
[]|$\OML/cmm/m/it/8 ^^V$\T1/cmr/m/n/8 mol CO$[]$ m$[]$
 []


Underfull \hbox (badness 6510) in paragraph at lines 47--48
[]|\T1/cmr/m/n/8 Carbon-cycle pre-dic-tor and par-
 []


Underfull \hbox (badness 10000) in paragraph at lines 47--48
\T1/cmr/m/n/8 ti-tion-ing in-put; val-ues out-side
 []


Underfull \hbox (badness 6396) in paragraph at lines 48--48
[]|\T1/cmr/m/n/8 SSITC qual-ity class for each
 []


Underfull \hbox (badness 10000) in paragraph at lines 48--48
[]|\T1/cmr/m/n/8 Categorical: 0
 []


Underfull \hbox (badness 10000) in paragraph at lines 49--49
[]|\T1/cmr/m/n/8 nmol CH$[]$ m$[]$
 []


Underfull \hbox (badness 3158) in paragraph at lines 49--50
[]|\T1/cmr/m/n/8 Prediction tar-get; classes 0 and
 []


Underfull \hbox (badness 1019) in paragraph at lines 49--50
\T1/cmr/m/n/8 1 are re-tained and fluxes out-side
 []


Underfull \hbox (badness 6396) in paragraph at lines 50--50
[]|\T1/cmr/m/n/8 SSITC qual-ity class for each
 []


Underfull \hbox (badness 10000) in paragraph at lines 50--50
[]|\T1/cmr/m/n/8 Categorical: 0
 []


Underfull \hbox (badness 1939) in paragraph at lines 52--52
[]|\T1/cmr/m/n/8 Mean and max-i-mum hor-i-zon-tal
 []


Underfull \hbox (badness 1715) in paragraph at lines 55--55
[]|\T1/cmr/m/n/8 Monin--Obukhov length and di-
 []


Underfull \hbox (badness 10000) in paragraph at lines 56--56
[]|\T1/cmtt/m/n/8 FETCH_MAX\T1/cmr/m/n/8 ,
 []


Underfull \hbox (badness 4454) in paragraph at lines 60--63
[]|\T1/cmr/m/n/8 Retained pre-dic-tor; a $\OT1/cmr/m/n/8 [0\OML/cmm/m/it/8 ; \OT1/cmr/m/n/8 15]$\T1/cmr/m/n/8 hPa
 []


Underfull \hbox (badness 10000) in paragraph at lines 63--63
[]|\T1/cmr/m/n/8 Sonic tem-per-a-ture and its
 []


Underfull \hbox (badness 10000) in alignment at lines 40--72
[] [] [] []
 []


Underfull \hbox (badness 10000) has occurred while \output is active
[] [] [] []
 []

[64

]
Underfull \hbox (badness 10000) has occurred while \output is active
[] [] [] []
 []

[65]
Underfull \hbox (badness 10000) has occurred while \output is active
[] [] [] []
 []


Overfull \hbox (451.6875pt too wide) detected at line 133
[]
 []


Underfull \hbox (badness 10000) in alignment at lines 132--138
[] [] [] []
 []


Underfull \hbox (badness 10000) in alignment at lines 138--143
[] [] [] []
 []


Underfull \hbox (badness 10000) in alignment at lines 143--146
[] [] [] []
 []


Underfull \hbox (badness 10000) in alignment at lines 146--148
[] [] [] []
 []


Underfull \hbox (badness 5832) in paragraph at lines 149--149
[]|\T1/cmr/m/n/8 QC-valid ob-ser-va-tions are re-
 []


Underfull \hbox (badness 1005) in paragraph at lines 149--149
\T1/cmr/m/n/8 us-ing a meteorology-based ran-
 []


Underfull \hbox (badness 10000) in paragraph at lines 150--150
\T1/cmr/m/n/8 Reichstein/Lloyd--Taylor par-ti-
 []


Underfull \hbox (badness 10000) in paragraph at lines 151--151
[]|\T1/cmr/m/n/8 Ecosystem res-pi-ra-tion from
 []


Underfull \hbox (badness 10000) in paragraph at lines 151--151
\T1/cmr/m/n/8 the Lloyd--Taylor tem-per-a-ture
 []


Underfull \hbox (badness 2547) in paragraph at lines 151--151
\T1/cmr/m/n/8 re-sponse us-ing global $\OML/cmm/m/it/8 E[]$ \T1/cmr/m/n/8 and
 []


Underfull \hbox (badness 10000) in paragraph at lines 152--152
[]|$\OT1/cmr/m/n/8 (1\OML/cmm/m/it/8 :\OT1/cmr/m/n/8 0\OML/cmm/m/it/8 N[] \OT1/cmr/m/n/8 + 0\OML/cmm/m/it/8 :\OT1/cmr/m/n/8 1\OML/cmm/m/it/8 N[] \OT1/cmr/m/n/8 +
 []


Underfull \hbox (badness 10000) in paragraph at lines 152--152
\OT1/cmr/m/n/8 0\OML/cmm/m/it/8 :\OT1/cmr/m/n/8 05\OML/cmm/m/it/8 N[]\OT1/cmr/m/n/8 )\OML/cmm/m/it/8 =A$\T1/cmr/m/n/8 ; the pipeline
 []


Underfull \hbox (badness 4832) in paragraph at lines 152--153
\T1/cmr/m/n/8 dic-tor; the Catch-ment 2 con-
 []


Underfull \hbox (badness 1655) in paragraph at lines 153--154
[]|\T1/cmr/m/n/8 Management-state pre-dic-tor; the
 []


Underfull \hbox (badness 6775) in paragraph at lines 160--160
\T1/cmr/m/n/8 SMS con-fig-u-ra-tion;
 []


Underfull \hbox (badness 1014) in paragraph at lines 160--160
\T1/cmr/m/n/8 K for the EC-only
 []


Underfull \hbox (badness 10000) in paragraph at lines 161--161
[]|\T1/cmr/m/n/8 Three-sensor SHF
 []


Underfull \hbox (badness 1609) in paragraph at lines 161--162
[]|\T1/cmr/m/n/8 Forecasting pre-dic-tor in se-lected
 []


Underfull \hbox (badness 10000) in alignment at lines 148--164
[] [] [] []
 []

[66]
Underfull \hbox (badness 10000) has occurred while \output is active
[] [] [] []
 []

[67]
Underfull \hbox (badness 10000) has occurred while \output is active
[] [] [] []
 []

Package hyperref Info: bookmark level for unknown algorithm defaults to 0 on input line 213.
[68] [69]
<Figures/ch3_fch4_target_correlations_full.png, id=1398, 457.929pt x 610.6815pt>
File: Figures/ch3_fch4_target_correlations_full.png Graphic file (type png)
<use Figures/ch3_fch4_target_correlations_full.png>
Package pdftex.def Info: Figures/ch3_fch4_target_correlations_full.png  used on input line 278.
(pdftex.def)             Requested size: 370.38705pt x 493.95978pt.
<Figures/ch3_acf_pacf_observed.png, id=1401, 947.7006pt x 730.8906pt>
File: Figures/ch3_acf_pacf_observed.png Graphic file (type png)
<use Figures/ch3_acf_pacf_observed.png>
Package pdftex.def Info: Figures/ch3_acf_pacf_observed.png  used on input line 289.
(pdftex.def)             Requested size: 451.6875pt x 348.34764pt.
<Figures/ch3_stl_decomposition_observed.png, id=1402, 947.7006pt x 730.8906pt>
File: Figures/ch3_stl_decomposition_observed.png Graphic file (type png)
<use Figures/ch3_stl_decomposition_observed.png>
Package pdftex.def Info: Figures/ch3_stl_decomposition_observed.png  used on input line 303.
(pdftex.def)             Requested size: 451.6875pt x 348.34764pt.
 [70 <./Figures/ch3_fch4_target_correlations_full.png>] [71 <./Figures/ch3_acf_pacf_observed.png>] [72 <./Figures/ch3_stl_decomposition_observed.png>]) (Appendices/B_Models.tex
Appendix B.
[73



] [74] [75] [76] [77] [78] [79] [80] [81] [82] [83] [84]) (Appendices/C_Gap_Filling.tex [85]
Appendix C.
<Figures/ch4_tabiclv2_daily_T2_2019H1.png, id=1527, 895.9071pt x 339.1872pt>
File: Figures/ch4_tabiclv2_daily_T2_2019H1.png Graphic file (type png)
<use Figures/ch4_tabiclv2_daily_T2_2019H1.png>
Package pdftex.def Info: Figures/ch4_tabiclv2_daily_T2_2019H1.png  used on input line 68.
(pdftex.def)             Requested size: 451.6875pt x 171.01129pt.
<Figures/ch4_tabiclv2_daily_T9_2023H2.png, id=1528, 895.9071pt x 339.1872pt>
File: Figures/ch4_tabiclv2_daily_T9_2023H2.png Graphic file (type png)
<use Figures/ch4_tabiclv2_daily_T9_2023H2.png>
Package pdftex.def Info: Figures/ch4_tabiclv2_daily_T9_2023H2.png  used on input line 71.
(pdftex.def)             Requested size: 451.6875pt x 171.01129pt.
<Figures/ch4_latest_tabicl_uq_hourly_T2_3month_example.png, id=1531, 1084.05pt x 375.804pt>
File: Figures/ch4_latest_tabicl_uq_hourly_T2_3month_example.png Graphic file (type png)
<use Figures/ch4_latest_tabicl_uq_hourly_T2_3month_example.png>
Package pdftex.def Info: Figures/ch4_latest_tabicl_uq_hourly_T2_3month_example.png  used on input line 84.
(pdftex.def)             Requested size: 451.6875pt x 156.58652pt.
<Figures/ch4_latest_tabicl_uq_hourly_T4_3month_example.png, id=1532, 1084.05pt x 375.804pt>
File: Figures/ch4_latest_tabicl_uq_hourly_T4_3month_example.png Graphic file (type png)
<use Figures/ch4_latest_tabicl_uq_hourly_T4_3month_example.png>
Package pdftex.def Info: Figures/ch4_latest_tabicl_uq_hourly_T4_3month_example.png  used on input line 87.
(pdftex.def)             Requested size: 451.6875pt x 156.58652pt.
[86

] [87 <./Figures/ch4_tabiclv2_daily_T2_2019H1.png> <./Figures/ch4_tabiclv2_daily_T9_2023H2.png>] [88 <./Figures/ch4_latest_tabicl_uq_hourly_T2_3month_example.png> <./Figures/ch4_latest_tabicl_uq_hourly_T4_3month_example.png>]) (Appendices/D_Forecasting.tex [89]
Appendix D.
<Figures/ch5_B18_p95_spike_timing_all_towers.png, id=1554, 1076.46165pt x 722.33865pt>
File: Figures/ch5_B18_p95_spike_timing_all_towers.png Graphic file (type png)
<use Figures/ch5_B18_p95_spike_timing_all_towers.png>
Package pdftex.def Info: Figures/ch5_B18_p95_spike_timing_all_towers.png  used on input line 73.
(pdftex.def)             Requested size: 451.6875pt x 303.0936pt.
<Figures/ch5_tabpfn_permutation_sensitivity_by_tower.png, id=1555, 1076.3412pt x 408.5664pt>
File: Figures/ch5_tabpfn_permutation_sensitivity_by_tower.png Graphic file (type png)
<use Figures/ch5_tabpfn_permutation_sensitivity_by_tower.png>
Package pdftex.def Info: Figures/ch5_tabpfn_permutation_sensitivity_by_tower.png  used on input line 85.
(pdftex.def)             Requested size: 451.6875pt x 171.45332pt.
<Figures/ch5_tabpfn_permutation_sensitivity_species.png, id=1558, 505.89pt x 289.08pt>
File: Figures/ch5_tabpfn_permutation_sensitivity_species.png Graphic file (type png)
<use Figures/ch5_tabpfn_permutation_sensitivity_species.png>
Package pdftex.def Info: Figures/ch5_tabpfn_permutation_sensitivity_species.png  used on input line 95.
(pdftex.def)             Requested size: 338.76563pt x 193.58554pt.
<Figures/cqr_gallery/ch5_cqr_forecast_T02_2018.png, id=1559, 939.51pt x 361.35pt>
File: Figures/cqr_gallery/ch5_cqr_forecast_T02_2018.png Graphic file (type png)
<use Figures/cqr_gallery/ch5_cqr_forecast_T02_2018.png>
Package pdftex.def Info: Figures/cqr_gallery/ch5_cqr_forecast_T02_2018.png  used on input line 105.
(pdftex.def)             Requested size: 451.6875pt x 173.72723pt.
<Figures/cqr_gallery/ch5_cqr_forecast_T09_2021.png, id=1560, 939.51pt x 361.35pt>
File: Figures/cqr_gallery/ch5_cqr_forecast_T09_2021.png Graphic file (type png)
<use Figures/cqr_gallery/ch5_cqr_forecast_T09_2021.png>
Package pdftex.def Info: Figures/cqr_gallery/ch5_cqr_forecast_T09_2021.png  used on input line 117.
(pdftex.def)             Requested size: 451.6875pt x 173.72723pt.
[90

 <./Figures/ch5_B18_p95_spike_timing_all_towers.png>] [91 <./Figures/ch5_tabpfn_permutation_sensitivity_by_tower.png> <./Figures/ch5_tabpfn_permutation_sensitivity_species.png>] [92 <./Figures/cqr_gallery/ch5_cqr_forecast_T02_2018.png> <./Figures/cqr_gallery/ch5_cqr_forecast_T09_2021.png>]) (Appendices/E_Scenario_Projection.tex
Appendix E.
<Figures/ch6_livestock_ladder_trajectory_ssp245.png, id=1579, 1156.32pt x 794.97pt>
File: Figures/ch6_livestock_ladder_trajectory_ssp245.png Graphic file (type png)
<use Figures/ch6_livestock_ladder_trajectory_ssp245.png>
Package pdftex.def Info: Figures/ch6_livestock_ladder_trajectory_ssp245.png  used on input line 6.
(pdftex.def)             Requested size: 451.6875pt x 310.5344pt.
<Figures/ch6_livestock_ladder_trajectory_ssp585.png, id=1582, 1156.32pt x 794.97pt>
File: Figures/ch6_livestock_ladder_trajectory_ssp585.png Graphic file (type png)
<use Figures/ch6_livestock_ladder_trajectory_ssp585.png>
Package pdftex.def Info: Figures/ch6_livestock_ladder_trajectory_ssp585.png  used on input line 17.
(pdftex.def)             Requested size: 451.6875pt x 310.5344pt.
[93

 <./Figures/ch6_livestock_ladder_trajectory_ssp245.png>] [94 <./Figures/ch6_livestock_ladder_trajectory_ssp585.png>]
<Figures/ch6_grazing_trajectory_ssp245.png, id=1597, 1156.32pt x 794.97pt>
File: Figures/ch6_grazing_trajectory_ssp245.png Graphic file (type png)
<use Figures/ch6_grazing_trajectory_ssp245.png>
Package pdftex.def Info: Figures/ch6_grazing_trajectory_ssp245.png  used on input line 28.
(pdftex.def)             Requested size: 451.6875pt x 310.5344pt.
<Figures/ch6_grazing_trajectory_ssp585.png, id=1600, 1156.32pt x 794.97pt>
File: Figures/ch6_grazing_trajectory_ssp585.png Graphic file (type png)
<use Figures/ch6_grazing_trajectory_ssp585.png>
Package pdftex.def Info: Figures/ch6_grazing_trajectory_ssp585.png  used on input line 39.
(pdftex.def)             Requested size: 451.6875pt x 310.5344pt.
 [95 <./Figures/ch6_grazing_trajectory_ssp245.png>] [96 <./Figures/ch6_grazing_trajectory_ssp585.png>]
<Figures/ch6_fertilizer_trajectory_ssp245.png, id=1613, 1156.32pt x 794.97pt>
File: Figures/ch6_fertilizer_trajectory_ssp245.png Graphic file (type png)
<use Figures/ch6_fertilizer_trajectory_ssp245.png>
Package pdftex.def Info: Figures/ch6_fertilizer_trajectory_ssp245.png  used on input line 55.
(pdftex.def)             Requested size: 451.6875pt x 310.5344pt.
<Figures/ch6_fertilizer_trajectory_ssp585.png, id=1616, 1156.32pt x 794.97pt>
File: Figures/ch6_fertilizer_trajectory_ssp585.png Graphic file (type png)
<use Figures/ch6_fertilizer_trajectory_ssp585.png>
Package pdftex.def Info: Figures/ch6_fertilizer_trajectory_ssp585.png  used on input line 69.
(pdftex.def)             Requested size: 451.6875pt x 310.5344pt.
 [97 <./Figures/ch6_fertilizer_trajectory_ssp245.png>] [98 <./Figures/ch6_fertilizer_trajectory_ssp585.png>]) (Appendices/F_Source_Code.tex
Appendix F.
)

Package glossaries Warning: No \printglossary or \printglossaries found. 
(Remove \makeglossaries if you don't want any glossaries.) 
This document will not have a glossary.

[99

] (Report.aux)
 ***********
LaTeX2e <2023-11-01> patch level 1
L3 programming layer <2024-01-04>
 ***********
Package rerunfilecheck Info: File `Report.out' has not changed.
(rerunfilecheck)             Checksum: 3655D8491ED0D136CDAF1369718E4BA6;12481.
 ) 
Here is how much of TeX's memory you used:
 52796 strings out of 474486
 1156736 string characters out of 5742338
 1982542 words of memory out of 5000000
 73667 multiletter control sequences out of 15000+600000
 598668 words of font info for 164 fonts, out of 8000000 for 9000
 1141 hyphenation exceptions out of 8191
 101i,16n,134p,2605b,1391s stack positions out of 10000i,1000n,20000p,200000b,200000s
 <C:\Users\Nicholas\AppData\Local\MiKTeX\fonts/pk/ljfour/jknappen/ec/dpi600\tcrm0700.pk> <C:\Users\Nicholas\AppData\Local\MiKTeX\fonts/pk/ljfour/jknappen/ec/dpi600\ectt1095.pk> <C:\Users\Nicholas\AppData\Local\MiKTeX\fonts/pk/ljfour/jknappen/ec/dpi600\ectt0800.pk> <C:\Users\Nicholas\AppData\Local\MiKTeX\fonts/pk/ljfour/jknappen/ec/dpi600\ecti1000.pk> <C:\Users\Nicholas\AppData\Local\MiKTeX\fonts/pk/ljfour/jknappen/ec/dpi600\ectt1000.pk> <C:\Users\Nicholas\AppData\Local\MiKTeX\fonts/pk/ljfour/jknappen/ec/dpi600\ecbx1000.pk> <C:\Users\Nicholas\AppData\Local\MiKTeX\fonts/pk/ljfour/jknappen/ec/dpi600\ecrm1000.pk> <C:\Users\Nicholas\AppData\Local\MiKTeX\fonts/pk/ljfour/jknappen/ec/dpi600\ectt1200.pk> <C:\Users\Nicholas\AppData\Local\MiKTeX\fonts/pk/ljfour/jknappen/ec/dpi600\ecrm0600.pk> <C:\Users\Nicholas\AppData\Local\MiKTeX\fonts/pk/ljfour/jknappen/ec/dpi600\ecrm1095.pk> <C:\Users\Nicholas\AppData\Local\MiKTeX\fonts/pk/ljfour/jknappen/ec/dpi600\ecbx1095.pk> <C:\Users\Nicholas\AppData\Local\MiKTeX\fonts/pk/ljfour/jknappen/ec/dpi600\tcrm1200.pk> <C:\Users\Nicholas\AppData\Local\MiKTeX\fonts/pk/ljfour/jknappen/ec/dpi600\ecbx0800.pk> <C:\Users\Nicholas\AppData\Local\MiKTeX\fonts/pk/ljfour/jknappen/ec/dpi600\ecbx1440.pk> <C:\Users\Nicholas\AppData\Local\MiKTeX\fonts/pk/ljfour/jknappen/ec/dpi600\ecbx1728.pk> <C:\Users\Nicholas\AppData\Local\MiKTeX\fonts/pk/ljfour/jknappen/ec/dpi600\ecti1200.pk> <C:\Users\Nicholas\AppData\Local\MiKTeX\fonts/pk/ljfour/jknappen/ec/dpi600\ecbi1200.pk> <C:\Users\Nicholas\AppData\Local\MiKTeX\fonts/pk/ljfour/jknappen/ec/dpi600\ecrm0800.pk> <C:\Users\Nicholas\AppData\Local\MiKTeX\fonts/pk/ljfour/jknappen/ec/dpi600\ecrm1200.pk> <C:\Users\Nicholas\AppData\Local\MiKTeX\fonts/pk/ljfour/jknappen/ec/dpi600\ecbx1200.pk> <C:\Users\Nicholas\AppData\Local\MiKTeX\fonts/pk/ljfour/jknappen/ec/dpi600\ecti1440.pk> <C:\Users\Nicholas\AppData\Local\MiKTeX\fonts/pk/ljfour/jknappen/ec/dpi600\ecrm1440.pk> <C:\Users\Nicholas\AppData\Local\MiKTeX\fonts/pk/ljfour/jknappen/ec/dpi600\ecrm1728.pk> <C:\Users\Nicholas\AppData\Local\MiKTeX\fonts/pk/ljfour/jknappen/ec/dpi600\ecrm2074.pk><C:/Users/Nicholas/AppData/Local/Programs/MiKTeX/fonts/type1/public/amsfonts/cm/cmbx10.pfb><C:/Users/Nicholas/AppData/Local/Programs/MiKTeX/fonts/type1/public/amsfonts/cm/cmbx12.pfb><C:/Users/Nicholas/AppData/Local/Programs/MiKTeX/fonts/type1/public/amsfonts/cm/cmex10.pfb><C:/Users/Nicholas/AppData/Local/Programs/MiKTeX/fonts/type1/public/amsfonts/cm/cmmi10.pfb><C:/Users/Nicholas/AppData/Local/Programs/MiKTeX/fonts/type1/public/amsfonts/cm/cmmi12.pfb><C:/Users/Nicholas/AppData/Local/Programs/MiKTeX/fonts/type1/public/amsfonts/cm/cmmi6.pfb><C:/Users/Nicholas/AppData/Local/Programs/MiKTeX/fonts/type1/public/amsfonts/cm/cmmi8.pfb><C:/Users/Nicholas/AppData/Local/Programs/MiKTeX/fonts/type1/public/amsfonts/cm/cmr10.pfb><C:/Users/Nicholas/AppData/Local/Programs/MiKTeX/fonts/type1/public/amsfonts/cm/cmr12.pfb><C:/Users/Nicholas/AppData/Local/Programs/MiKTeX/fonts/type1/public/amsfonts/cm/cmr6.pfb><C:/Users/Nicholas/AppData/Local/Programs/MiKTeX/fonts/type1/public/amsfonts/cm/cmr7.pfb><C:/Users/Nicholas/AppData/Local/Programs/MiKTeX/fonts/type1/public/amsfonts/cm/cmr8.pfb><C:/Users/Nicholas/AppData/Local/Programs/MiKTeX/fonts/type1/public/amsfonts/cm/cmsy10.pfb><C:/Users/Nicholas/AppData/Local/Programs/MiKTeX/fonts/type1/public/amsfonts/cm/cmsy6.pfb><C:/Users/Nicholas/AppData/Local/Programs/MiKTeX/fonts/type1/public/amsfonts/cm/cmsy8.pfb><C:/Users/Nicholas/AppData/Local/Programs/MiKTeX/fonts/type1/public/amsfonts/symbols/msbm10.pfb><C:/Users/Nicholas/AppData/Local/Programs/MiKTeX/fonts/type1/urw/zapfchan/uzcmi8a.pfb>
Output written on Report.pdf (117 pages, 15297580 bytes).
PDF statistics:
 2739 PDF objects out of 2984 (max. 8388607)
 382 named destinations out of 1000 (max. 500000)
 818 words of extra memory for PDF output out of 10000 (max. 10000000)

